[==========] Running 4222 tests from 333 test suites.
[----------] Global test environment set-up.
[----------] 5 tests from TestUPnPPlaybackState
[ RUN      ] TestUPnPPlaybackState.NothingIsWatchedBeforeAFileStarts
[       OK ] TestUPnPPlaybackState.NothingIsWatchedBeforeAFileStarts (0 ms)
[ RUN      ] TestUPnPPlaybackState.AStoppedRendererEndsTheFileItWasPlaying
[       OK ] TestUPnPPlaybackState.AStoppedRendererEndsTheFileItWasPlaying (0 ms)
[ RUN      ] TestUPnPPlaybackState.PlaybackEndsOnlyOnce
[       OK ] TestUPnPPlaybackState.PlaybackEndsOnlyOnce (0 ms)
[ RUN      ] TestUPnPPlaybackState.TheStopThatStartsTheNextFileDoesNotEndPlayback
[       OK ] TestUPnPPlaybackState.TheStopThatStartsTheNextFileDoesNotEndPlayback (0 ms)
[ RUN      ] TestUPnPPlaybackState.AnOpenThatFailsLeavesNothingWatched
[       OK ] TestUPnPPlaybackState.AnOpenThatFailsLeavesNothingWatched (0 ms)
[----------] 5 tests from TestUPnPPlaybackState (0 ms total)

[----------] 16 tests from TestUPnPInternal
[ RUN      ] TestUPnPInternal.BuildObjectSetsDateFromDateOnlyValue
[       OK ] TestUPnPInternal.BuildObjectSetsDateFromDateOnlyValue (0 ms)
[ RUN      ] TestUPnPInternal.BuildObjectSetsDateFromDateTimeValue
[       OK ] TestUPnPInternal.BuildObjectSetsDateFromDateTimeValue (0 ms)
[ RUN      ] TestUPnPInternal.BuildObjectLeavesDateUnsetWhenNoDatePresent
[       OK ] TestUPnPInternal.BuildObjectLeavesDateUnsetWhenNoDatePresent (0 ms)
[ RUN      ] TestUPnPInternal.BuildObjectLeavesDateUnsetOnUnparsableValue
[       OK ] TestUPnPInternal.BuildObjectLeavesDateUnsetOnUnparsableValue (0 ms)
[ RUN      ] TestUPnPInternal.DidlParsingFillsMediaObjectDateAndNotDescriptionDate
[       OK ] TestUPnPInternal.DidlParsingFillsMediaObjectDateAndNotDescriptionDate (0 ms)
[ RUN      ] TestUPnPInternal.BuildObjectSetsDateForDidlSourcedItem
[       OK ] TestUPnPInternal.BuildObjectSetsDateForDidlSourcedItem (0 ms)
[ RUN      ] TestUPnPInternal.BuildObjectDatesFromDidlAreOrdered
[       OK ] TestUPnPInternal.BuildObjectDatesFromDidlAreOrdered (0 ms)
[ RUN      ] TestUPnPInternal.AddAlternateMimeResourcesOffersRegisteredFlacSpelling
[       OK ] TestUPnPInternal.AddAlternateMimeResourcesOffersRegisteredFlacSpelling (0 ms)
[ RUN      ] TestUPnPInternal.AddAlternateMimeResourcesOffersLegacyFlacSpelling
[       OK ] TestUPnPInternal.AddAlternateMimeResourcesOffersLegacyFlacSpelling (0 ms)
[ RUN      ] TestUPnPInternal.AddAlternateMimeResourcesKeepsUriAndProtocol
[       OK ] TestUPnPInternal.AddAlternateMimeResourcesKeepsUriAndProtocol (0 ms)
[ RUN      ] TestUPnPInternal.AddAlternateMimeResourcesDoesNotDuplicate
[       OK ] TestUPnPInternal.AddAlternateMimeResourcesDoesNotDuplicate (0 ms)
[ RUN      ] TestUPnPInternal.AddAlternateMimeResourcesLeavesUnrelatedTypes
[       OK ] TestUPnPInternal.AddAlternateMimeResourcesLeavesUnrelatedTypes (0 ms)
[ RUN      ] TestUPnPInternal.PreferResourceAddressesPutsAReachableAddressFirst
[       OK ] TestUPnPInternal.PreferResourceAddressesPutsAReachableAddressFirst (0 ms)
[ RUN      ] TestUPnPInternal.PreferResourceAddressesKeepsTheRestInOrder
[       OK ] TestUPnPInternal.PreferResourceAddressesKeepsTheRestInOrder (0 ms)
[ RUN      ] TestUPnPInternal.PreferResourceAddressesLeavesTheOrderAloneWhenNoneMatch
[       OK ] TestUPnPInternal.PreferResourceAddressesLeavesTheOrderAloneWhenNoneMatch (0 ms)
[ RUN      ] TestUPnPInternal.AddAlternateMimeResourcesOffersEveryAddress
[       OK ] TestUPnPInternal.AddAlternateMimeResourcesOffersEveryAddress (0 ms)
[----------] 16 tests from TestUPnPInternal (0 ms total)

[----------] 4 tests from TestSysfsPath
[ RUN      ] TestSysfsPath.SysfsPathTestInt
[       OK ] TestSysfsPath.SysfsPathTestInt (0 ms)
[ RUN      ] TestSysfsPath.SysfsPathTestString
[       OK ] TestSysfsPath.SysfsPathTestString (0 ms)
[ RUN      ] TestSysfsPath.SysfsPathTestLongString
[       OK ] TestSysfsPath.SysfsPathTestLongString (0 ms)
[ RUN      ] TestSysfsPath.SysfsPathTestPathDoesNotExist
[       OK ] TestSysfsPath.SysfsPathTestPathDoesNotExist (0 ms)
[----------] 4 tests from TestSysfsPath (0 ms total)

[----------] 5 tests from TestVideoInfoTag
[ RUN      ] TestVideoInfoTag.ReadTVShowSeasons
[       OK ] TestVideoInfoTag.ReadTVShowSeasons (0 ms)
[ RUN      ] TestVideoInfoTag.ReadStreamDetailFlags
[       OK ] TestVideoInfoTag.ReadStreamDetailFlags (0 ms)
[ RUN      ] TestVideoInfoTag.WriteStreamDetailFlags
[       OK ] TestVideoInfoTag.WriteStreamDetailFlags (0 ms)
[ RUN      ] TestVideoInfoTag.SaveTVShowSeasons
[       OK ] TestVideoInfoTag.SaveTVShowSeasons (0 ms)
[ RUN      ] TestVideoInfoTag.SetUniqueIDs
[       OK ] TestVideoInfoTag.SetUniqueIDs (0 ms)
[----------] 5 tests from TestVideoInfoTag (0 ms total)

[----------] 2 tests from AudioSortKeyTester
[ RUN      ] AudioSortKeyTester.OrdersByThePreferredLanguageStream
[       OK ] AudioSortKeyTester.OrdersByThePreferredLanguageStream (0 ms)
[ RUN      ] AudioSortKeyTester.FallsBackToTheBestStreamWithoutALanguagePreference
[       OK ] AudioSortKeyTester.FallsBackToTheBestStreamWithoutALanguagePreference (0 ms)
[----------] 2 tests from AudioSortKeyTester (0 ms total)

[----------] 9 tests from TestVideoFileItemClassify
[ RUN      ] TestVideoFileItemClassify.VideoExtensions
[       OK ] TestVideoFileItemClassify.VideoExtensions (0 ms)
[ RUN      ] TestVideoFileItemClassify.IsBDFile
[       OK ] TestVideoFileItemClassify.IsBDFile (0 ms)
[ RUN      ] TestVideoFileItemClassify.IsDVDFile
[       OK ] TestVideoFileItemClassify.IsDVDFile (0 ms)
[ RUN      ] TestVideoFileItemClassify.IsProtectedBlurayDisc
[       OK ] TestVideoFileItemClassify.IsProtectedBlurayDisc (0 ms)
[ RUN      ] TestVideoFileItemClassify.IsSubtitle
[       OK ] TestVideoFileItemClassify.IsSubtitle (0 ms)
[ RUN      ] TestVideoFileItemClassify.IsVideoAssetsFile
[       OK ] TestVideoFileItemClassify.IsVideoAssetsFile (0 ms)
[ RUN      ] TestVideoFileItemClassify.IsVideoDb
[       OK ] TestVideoFileItemClassify.IsVideoDb (0 ms)
[ RUN      ] TestVideoFileItemClassify.IsVideoExtrasFolderName
[       OK ] TestVideoFileItemClassify.IsVideoExtrasFolderName (0 ms)
[ RUN      ] TestVideoFileItemClassify.IsVideoExtrasFolder
[       OK ] TestVideoFileItemClassify.IsVideoExtrasFolder (0 ms)
[----------] 9 tests from TestVideoFileItemClassify (0 ms total)

[----------] 2 tests from TestVideoDbUrl
[ RUN      ] TestVideoDbUrl.UrlOptions
[       OK ] TestVideoDbUrl.UrlOptions (0 ms)
[ RUN      ] TestVideoDbUrl.AssetTypes
[       OK ] TestVideoDbUrl.AssetTypes (0 ms)
[----------] 2 tests from TestVideoDbUrl (0 ms total)

[----------] 2 tests from TestVideoDatabase
[ RUN      ] TestVideoDatabase.InsertStoresOrientationAndCenterMixLevel
[       OK ] TestVideoDatabase.InsertStoresOrientationAndCenterMixLevel (3 ms)
[ RUN      ] TestVideoDatabase.UpdateStoresOrientationAndCenterMixLevel
[       OK ] TestVideoDatabase.UpdateStoresOrientationAndCenterMixLevel (3 ms)
[----------] 2 tests from TestVideoDatabase (6 ms total)

[----------] 17 tests from TestStacks
[ RUN      ] TestStacks.TestMovieFilesStackFilesAB
[       OK ] TestStacks.TestMovieFilesStackFilesAB (0 ms)
[ RUN      ] TestStacks.TestMovieFilesStackFilesPart
[       OK ] TestStacks.TestMovieFilesStackFilesPart (0 ms)
[ RUN      ] TestStacks.TestMovieFilesStackDvdIso
[       OK ] TestStacks.TestMovieFilesStackDvdIso (0 ms)
[ RUN      ] TestStacks.TestMovieFilesStackBlurayIso
[       OK ] TestStacks.TestMovieFilesStackBlurayIso (0 ms)
[ RUN      ] TestStacks.TestMovieFilesStackFolderFilesPart
[       OK ] TestStacks.TestMovieFilesStackFolderFilesPart (0 ms)
[ RUN      ] TestStacks.TestMovieFilesStackFolderFilesPart2
[       OK ] TestStacks.TestMovieFilesStackFolderFilesPart2 (0 ms)
[ RUN      ] TestStacks.TestMovieFilesStackFolderFilesDiscPart
[       OK ] TestStacks.TestMovieFilesStackFolderFilesDiscPart (0 ms)
[ RUN      ] TestStacks.TestStackIsNotItselfADiscFile
[       OK ] TestStacks.TestStackIsNotItselfADiscFile (0 ms)
[ RUN      ] TestStacks.TestStackIsNotItselfADiscImage
[       OK ] TestStacks.TestStackIsNotItselfADiscImage (0 ms)
[ RUN      ] TestStacks.TestStackHasDiscPart
[       OK ] TestStacks.TestStackHasDiscPart (0 ms)
[ RUN      ] TestStacks.TestStackBasePathIsIndependentOfPlaylistResolution
[       OK ] TestStacks.TestStackBasePathIsIndependentOfPlaylistResolution (0 ms)
[ RUN      ] TestStacks.TestSameDiscStack
[       OK ] TestStacks.TestSameDiscStack (0 ms)
[ RUN      ] TestStacks.TestSameDiscStackIgnoresSourceOptions
[       OK ] TestStacks.TestSameDiscStackIgnoresSourceOptions (0 ms)
[ RUN      ] TestStacks.TestStackHasNoBlurayPath
[       OK ] TestStacks.TestStackHasNoBlurayPath (0 ms)
[ RUN      ] TestStacks.TestMovieFilesStackFolderFilesDiscNPart
[       OK ] TestStacks.TestMovieFilesStackFolderFilesDiscNPart (0 ms)
[ RUN      ] TestStacks.TestConstructStackPath
[       OK ] TestStacks.TestConstructStackPath (0 ms)
[ RUN      ] TestStacks.TestGetParentPath
[       OK ] TestStacks.TestGetParentPath (0 ms)
[----------] 17 tests from TestStacks (1 ms total)

[----------] 2 tests from TestFilenameAttributes
[ RUN      ] TestFilenameAttributes.GetEdition
[       OK ] TestFilenameAttributes.GetEdition (0 ms)
[ RUN      ] TestFilenameAttributes.EmptyKnownIdentifiers
[       OK ] TestFilenameAttributes.EmptyKnownIdentifiers (0 ms)
[----------] 2 tests from TestFilenameAttributes (0 ms total)

[----------] 2 tests from TestBookmark
[ RUN      ] TestBookmark.BookmarksToPositions
[       OK ] TestBookmark.BookmarksToPositions (0 ms)
[ RUN      ] TestBookmark.AddToPositions
[       OK ] TestBookmark.AddToPositions (0 ms)
[----------] 2 tests from TestBookmark (0 ms total)

[----------] 1 test from TestBitReader
[ RUN      ] TestBitReader.General
[       OK ] TestBitReader.General (0 ms)
[----------] 1 test from TestBitReader (0 ms total)

[----------] 1 test from TestBytes
[ RUN      ] TestBytes.General
[       OK ] TestBytes.General (0 ms)
[----------] 1 test from TestBytes (0 ms total)

[----------] 1 test from TestM2TSParser
[ RUN      ] TestM2TSParser.General
[       OK ] TestM2TSParser.General (0 ms)
[----------] 1 test from TestM2TSParser (0 ms total)

[----------] 33 tests from TestXMLUtils
[ RUN      ] TestXMLUtils.GetHex
[       OK ] TestXMLUtils.GetHex (0 ms)
[ RUN      ] TestXMLUtils.GetUInt
[       OK ] TestXMLUtils.GetUInt (0 ms)
[ RUN      ] TestXMLUtils.GetLong
[       OK ] TestXMLUtils.GetLong (0 ms)
[ RUN      ] TestXMLUtils.GetFloat
[       OK ] TestXMLUtils.GetFloat (0 ms)
[ RUN      ] TestXMLUtils.GetDouble
[       OK ] TestXMLUtils.GetDouble (0 ms)
[ RUN      ] TestXMLUtils.GetInt
[       OK ] TestXMLUtils.GetInt (0 ms)
[ RUN      ] TestXMLUtils.GetBoolean
[       OK ] TestXMLUtils.GetBoolean (0 ms)
[ RUN      ] TestXMLUtils.GetString
[       OK ] TestXMLUtils.GetString (0 ms)
[ RUN      ] TestXMLUtils.GetAdditiveString
[       OK ] TestXMLUtils.GetAdditiveString (0 ms)
[ RUN      ] TestXMLUtils.GetStringArray
[       OK ] TestXMLUtils.GetStringArray (0 ms)
[ RUN      ] TestXMLUtils.GetPath
[       OK ] TestXMLUtils.GetPath (0 ms)
[ RUN      ] TestXMLUtils.GetDate
[       OK ] TestXMLUtils.GetDate (0 ms)
[ RUN      ] TestXMLUtils.GetDateTime
[       OK ] TestXMLUtils.GetDateTime (0 ms)
[ RUN      ] TestXMLUtils.SetString
[       OK ] TestXMLUtils.SetString (0 ms)
[ RUN      ] TestXMLUtils.SetAdditiveString
[       OK ] TestXMLUtils.SetAdditiveString (0 ms)
[ RUN      ] TestXMLUtils.SetStringArray
[       OK ] TestXMLUtils.SetStringArray (0 ms)
[ RUN      ] TestXMLUtils.SetInt
[       OK ] TestXMLUtils.SetInt (0 ms)
[ RUN      ] TestXMLUtils.SetFloat
[       OK ] TestXMLUtils.SetFloat (0 ms)
[ RUN      ] TestXMLUtils.SetBoolean
[       OK ] TestXMLUtils.SetBoolean (0 ms)
[ RUN      ] TestXMLUtils.SetHex
[       OK ] TestXMLUtils.SetHex (0 ms)
[ RUN      ] TestXMLUtils.SetPath
[       OK ] TestXMLUtils.SetPath (0 ms)
[ RUN      ] TestXMLUtils.SetLong
[       OK ] TestXMLUtils.SetLong (0 ms)
[ RUN      ] TestXMLUtils.SetDate
[       OK ] TestXMLUtils.SetDate (0 ms)
[ RUN      ] TestXMLUtils.SetDateTime
[       OK ] TestXMLUtils.SetDateTime (0 ms)
[ RUN      ] TestXMLUtils.NodeSerializationRoot
[       OK ] TestXMLUtils.NodeSerializationRoot (0 ms)
[ RUN      ] TestXMLUtils.NodeSerializationChild
[       OK ] TestXMLUtils.NodeSerializationChild (0 ms)
[ RUN      ] TestXMLUtils.NodeSerializationCompact
[       OK ] TestXMLUtils.NodeSerializationCompact (0 ms)
[ RUN      ] TestXMLUtils.NodeSerializationPretty
[       OK ] TestXMLUtils.NodeSerializationPretty (0 ms)
[ RUN      ] TestXMLUtils.RemoveNodeFastFail
[       OK ] TestXMLUtils.RemoveNodeFastFail (0 ms)
[ RUN      ] TestXMLUtils.RemoveNode
[       OK ] TestXMLUtils.RemoveNode (0 ms)
[ RUN      ] TestXMLUtils.RemoveNodeWithChild
[       OK ] TestXMLUtils.RemoveNodeWithChild (0 ms)
[ RUN      ] TestXMLUtils.RemoveChildNode
[       OK ] TestXMLUtils.RemoveChildNode (0 ms)
[ RUN      ] TestXMLUtils.RemoveNodeFreestanding
[       OK ] TestXMLUtils.RemoveNodeFreestanding (0 ms)
[----------] 33 tests from TestXMLUtils (0 ms total)

[----------] 5 tests from TestXBMCTinyXML2
[ RUN      ] TestXBMCTinyXML2.ParseFromString
[       OK ] TestXBMCTinyXML2.ParseFromString (0 ms)
[ RUN      ] TestXBMCTinyXML2.ParseFromChar
[       OK ] TestXBMCTinyXML2.ParseFromChar (0 ms)
[ RUN      ] TestXBMCTinyXML2.ParseFromCharFail
[       OK ] TestXBMCTinyXML2.ParseFromCharFail (0 ms)
[ RUN      ] TestXBMCTinyXML2.ParseFromFileHandle
[       OK ] TestXBMCTinyXML2.ParseFromFileHandle (0 ms)
[ RUN      ] TestXBMCTinyXML2.SaveFile
[       OK ] TestXBMCTinyXML2.SaveFile (0 ms)
[----------] 5 tests from TestXBMCTinyXML2 (0 ms total)

[----------] 2 tests from TestXBMCTinyXML
[ RUN      ] TestXBMCTinyXML.ParseFromString
[       OK ] TestXBMCTinyXML.ParseFromString (0 ms)
[ RUN      ] TestXBMCTinyXML.ParseFromFileHandle
[       OK ] TestXBMCTinyXML.ParseFromFileHandle (0 ms)
[----------] 2 tests from TestXBMCTinyXML (0 ms total)

[----------] 24 tests from TestVariant
[ RUN      ] TestVariant.VariantTypeInteger
[       OK ] TestVariant.VariantTypeInteger (0 ms)
[ RUN      ] TestVariant.VariantTypeUnsignedInteger
[       OK ] TestVariant.VariantTypeUnsignedInteger (0 ms)
[ RUN      ] TestVariant.VariantTypeBoolean
[       OK ] TestVariant.VariantTypeBoolean (0 ms)
[ RUN      ] TestVariant.VariantTypeString
[       OK ] TestVariant.VariantTypeString (0 ms)
[ RUN      ] TestVariant.VariantTypeWideString
[       OK ] TestVariant.VariantTypeWideString (0 ms)
[ RUN      ] TestVariant.VariantTypeDouble
[       OK ] TestVariant.VariantTypeDouble (0 ms)
[ RUN      ] TestVariant.VariantTypeArray
[       OK ] TestVariant.VariantTypeArray (0 ms)
[ RUN      ] TestVariant.VariantTypeObject
[       OK ] TestVariant.VariantTypeObject (0 ms)
[ RUN      ] TestVariant.VariantTypeNull
[       OK ] TestVariant.VariantTypeNull (0 ms)
[ RUN      ] TestVariant.VariantFromMap
[       OK ] TestVariant.VariantFromMap (0 ms)
[ RUN      ] TestVariant.operatorTest
[       OK ] TestVariant.operatorTest (0 ms)
[ RUN      ] TestVariant.push_back
[       OK ] TestVariant.push_back (0 ms)
[ RUN      ] TestVariant.append
[       OK ] TestVariant.append (0 ms)
[ RUN      ] TestVariant.c_str
[       OK ] TestVariant.c_str (0 ms)
[ RUN      ] TestVariant.swap
[       OK ] TestVariant.swap (0 ms)
[ RUN      ] TestVariant.iterator_array
[       OK ] TestVariant.iterator_array (0 ms)
[ RUN      ] TestVariant.iterator_map
[       OK ] TestVariant.iterator_map (0 ms)
[ RUN      ] TestVariant.size
[       OK ] TestVariant.size (0 ms)
[ RUN      ] TestVariant.empty
[       OK ] TestVariant.empty (0 ms)
[ RUN      ] TestVariant.clear
[       OK ] TestVariant.clear (0 ms)
[ RUN      ] TestVariant.erase
[       OK ] TestVariant.erase (0 ms)
[ RUN      ] TestVariant.isMember
[       OK ] TestVariant.isMember (0 ms)
[ RUN      ] TestVariant.asBoolean
[       OK ] TestVariant.asBoolean (0 ms)
[ RUN      ] TestVariant.ConstNullVariant_cant_be_changed
[       OK ] TestVariant.ConstNullVariant_cant_be_changed (0 ms)
[----------] 24 tests from TestVariant (0 ms total)

[----------] 7 tests from TestUrlOptions
[ RUN      ] TestUrlOptions.Clear
[       OK ] TestUrlOptions.Clear (0 ms)
[ RUN      ] TestUrlOptions.AddOption
[       OK ] TestUrlOptions.AddOption (0 ms)
[ RUN      ] TestUrlOptions.AddOptions
[       OK ] TestUrlOptions.AddOptions (0 ms)
[ RUN      ] TestUrlOptions.RemoveOption
[       OK ] TestUrlOptions.RemoveOption (0 ms)
[ RUN      ] TestUrlOptions.HasOption
[       OK ] TestUrlOptions.HasOption (0 ms)
[ RUN      ] TestUrlOptions.GetOptions
[       OK ] TestUrlOptions.GetOptions (0 ms)
[ RUN      ] TestUrlOptions.GetOptionsString
[       OK ] TestUrlOptions.GetOptionsString (0 ms)
[----------] 7 tests from TestUrlOptions (0 ms total)

[----------] 73 tests from TestURIUtils
[ RUN      ] TestURIUtils.PathHasParent
[       OK ] TestURIUtils.PathHasParent (0 ms)
[ RUN      ] TestURIUtils.RemoveDiscPath
[       OK ] TestURIUtils.RemoveDiscPath (0 ms)
[ RUN      ] TestURIUtils.GetDirectory
[       OK ] TestURIUtils.GetDirectory (0 ms)
[ RUN      ] TestURIUtils.GetExtension
[       OK ] TestURIUtils.GetExtension (0 ms)
[ RUN      ] TestURIUtils.HasExtension
[       OK ] TestURIUtils.HasExtension (0 ms)
[ RUN      ] TestURIUtils.GetFileName
[       OK ] TestURIUtils.GetFileName (0 ms)
[ RUN      ] TestURIUtils.RemoveExtension
[       OK ] TestURIUtils.RemoveExtension (0 ms)
[ RUN      ] TestURIUtils.ReplaceExtension
[       OK ] TestURIUtils.ReplaceExtension (0 ms)
[ RUN      ] TestURIUtils.Split
[       OK ] TestURIUtils.Split (0 ms)
[ RUN      ] TestURIUtils.SplitPath
[       OK ] TestURIUtils.SplitPath (0 ms)
[ RUN      ] TestURIUtils.SplitPathLocal
[       OK ] TestURIUtils.SplitPathLocal (0 ms)
[ RUN      ] TestURIUtils.GetCommonPath
[       OK ] TestURIUtils.GetCommonPath (0 ms)
[ RUN      ] TestURIUtils.SubstitutePath
[       OK ] TestURIUtils.SubstitutePath (0 ms)
[ RUN      ] TestURIUtils.IsAddonsPath
[       OK ] TestURIUtils.IsAddonsPath (0 ms)
[ RUN      ] TestURIUtils.IsSourcesPath
[       OK ] TestURIUtils.IsSourcesPath (0 ms)
[ RUN      ] TestURIUtils.IsCDDA
[       OK ] TestURIUtils.IsCDDA (0 ms)
[ RUN      ] TestURIUtils.IsDOSPath
[       OK ] TestURIUtils.IsDOSPath (0 ms)
[ RUN      ] TestURIUtils.IsDVD
[       OK ] TestURIUtils.IsDVD (0 ms)
[ RUN      ] TestURIUtils.IsFTP
[       OK ] TestURIUtils.IsFTP (0 ms)
[ RUN      ] TestURIUtils.IsHD
[       OK ] TestURIUtils.IsHD (0 ms)
[ RUN      ] TestURIUtils.IsInArchive
[       OK ] TestURIUtils.IsInArchive (0 ms)
[ RUN      ] TestURIUtils.IsInRAR
[       OK ] TestURIUtils.IsInRAR (0 ms)
[ RUN      ] TestURIUtils.IsInternetStream
[       OK ] TestURIUtils.IsInternetStream (0 ms)
[ RUN      ] TestURIUtils.IsInZIP
[       OK ] TestURIUtils.IsInZIP (0 ms)
[ RUN      ] TestURIUtils.IsISO9660
[       OK ] TestURIUtils.IsISO9660 (0 ms)
[ RUN      ] TestURIUtils.IsLiveTV
[       OK ] TestURIUtils.IsLiveTV (0 ms)
[ RUN      ] TestURIUtils.IsPVRRadioChannel
[       OK ] TestURIUtils.IsPVRRadioChannel (0 ms)
[ RUN      ] TestURIUtils.IsMultiPath
[       OK ] TestURIUtils.IsMultiPath (0 ms)
[ RUN      ] TestURIUtils.IsMusicDb
[       OK ] TestURIUtils.IsMusicDb (0 ms)
[ RUN      ] TestURIUtils.IsNfs
[       OK ] TestURIUtils.IsNfs (0 ms)
[ RUN      ] TestURIUtils.IsOnDVD
[       OK ] TestURIUtils.IsOnDVD (0 ms)
[ RUN      ] TestURIUtils.IsOnLAN
[       OK ] TestURIUtils.IsOnLAN (0 ms)
[ RUN      ] TestURIUtils.IsPlugin
[       OK ] TestURIUtils.IsPlugin (0 ms)
[ RUN      ] TestURIUtils.IsScript
[       OK ] TestURIUtils.IsScript (0 ms)
[ RUN      ] TestURIUtils.IsRAR
[       OK ] TestURIUtils.IsRAR (0 ms)
[ RUN      ] TestURIUtils.IsRemote
[       OK ] TestURIUtils.IsRemote (0 ms)
[ RUN      ] TestURIUtils.IsSmb
[       OK ] TestURIUtils.IsSmb (0 ms)
[ RUN      ] TestURIUtils.IsSpecial
[       OK ] TestURIUtils.IsSpecial (0 ms)
[ RUN      ] TestURIUtils.IsStack
[       OK ] TestURIUtils.IsStack (0 ms)
[ RUN      ] TestURIUtils.IsUPnP
[       OK ] TestURIUtils.IsUPnP (0 ms)
[ RUN      ] TestURIUtils.IsURL
[       OK ] TestURIUtils.IsURL (0 ms)
[ RUN      ] TestURIUtils.IsVideoDb
[       OK ] TestURIUtils.IsVideoDb (0 ms)
[ RUN      ] TestURIUtils.IsZIP
[       OK ] TestURIUtils.IsZIP (0 ms)
[ RUN      ] TestURIUtils.IsBlurayPath
[       OK ] TestURIUtils.IsBlurayPath (0 ms)
[ RUN      ] TestURIUtils.AddSlashAtEnd
[       OK ] TestURIUtils.AddSlashAtEnd (0 ms)
[ RUN      ] TestURIUtils.HasSlashAtEnd
[       OK ] TestURIUtils.HasSlashAtEnd (0 ms)
[ RUN      ] TestURIUtils.RemoveSlashAtEnd
[       OK ] TestURIUtils.RemoveSlashAtEnd (0 ms)
[ RUN      ] TestURIUtils.CreateArchivePath
[       OK ] TestURIUtils.CreateArchivePath (0 ms)
[ RUN      ] TestURIUtils.AddFileToFolder
[       OK ] TestURIUtils.AddFileToFolder (0 ms)
[ RUN      ] TestURIUtils.AddFileToFolderMatchingEncodingEncodedFolder
[       OK ] TestURIUtils.AddFileToFolderMatchingEncodingEncodedFolder (0 ms)
[ RUN      ] TestURIUtils.AddFileToFolderMatchingEncodingSpecialCharacters
[       OK ] TestURIUtils.AddFileToFolderMatchingEncodingSpecialCharacters (0 ms)
[ RUN      ] TestURIUtils.AddFileToFolderMatchingEncodingUnencodedFolder
[       OK ] TestURIUtils.AddFileToFolderMatchingEncodingUnencodedFolder (0 ms)
[ RUN      ] TestURIUtils.HasParentInHostname
[       OK ] TestURIUtils.HasParentInHostname (0 ms)
[ RUN      ] TestURIUtils.HasEncodedHostname
[       OK ] TestURIUtils.HasEncodedHostname (0 ms)
[ RUN      ] TestURIUtils.HasEncodedFilename
[       OK ] TestURIUtils.HasEncodedFilename (0 ms)
[ RUN      ] TestURIUtils.GetRealPath
[       OK ] TestURIUtils.GetRealPath (0 ms)
[ RUN      ] TestURIUtils.UpdateUrlEncoding
[       OK ] TestURIUtils.UpdateUrlEncoding (0 ms)
[ RUN      ] TestURIUtils.URLEncode
[       OK ] TestURIUtils.URLEncode (0 ms)
[ RUN      ] TestURIUtils.URLDecode
[       OK ] TestURIUtils.URLDecode (0 ms)
[ RUN      ] TestURIUtils.URLEncodeDecode
[       OK ] TestURIUtils.URLEncodeDecode (0 ms)
[ RUN      ] TestURIUtils.ContainersEncodeHostnamePaths
[       OK ] TestURIUtils.ContainersEncodeHostnamePaths (0 ms)
[ RUN      ] TestURIUtils.GetDiscBase
[       OK ] TestURIUtils.GetDiscBase (0 ms)
[ RUN      ] TestURIUtils.GetDiscBasePath
[       OK ] TestURIUtils.GetDiscBasePath (0 ms)
[ RUN      ] TestURIUtils.GetDiscFile
[       OK ] TestURIUtils.GetDiscFile (0 ms)
[ RUN      ] TestURIUtils.GetDiscUnderlyingFile
[       OK ] TestURIUtils.GetDiscUnderlyingFile (0 ms)
[ RUN      ] TestURIUtils.GetBlurayTitlesPath
[       OK ] TestURIUtils.GetBlurayTitlesPath (0 ms)
[ RUN      ] TestURIUtils.GetBlurayEpisodePath
[       OK ] TestURIUtils.GetBlurayEpisodePath (0 ms)
[ RUN      ] TestURIUtils.GetBlurayPlaylistPath
[       OK ] TestURIUtils.GetBlurayPlaylistPath (0 ms)
[ RUN      ] TestURIUtils.GetBlurayPlaylistFromPath
[       OK ] TestURIUtils.GetBlurayPlaylistFromPath (0 ms)
[ RUN      ] TestURIUtils.RemovePartNumberFromTitle
[       OK ] TestURIUtils.RemovePartNumberFromTitle (0 ms)
[ RUN      ] TestURIUtils.CheckConsistencyBetweenFileNameUtilities
[       OK ] TestURIUtils.CheckConsistencyBetweenFileNameUtilities (0 ms)
[ RUN      ] TestURIUtils.IsLocalOrLAN
[       OK ] TestURIUtils.IsLocalOrLAN (0 ms)
[ RUN      ] TestURIUtils.GetDecodedPath
[       OK ] TestURIUtils.GetDecodedPath (0 ms)
[----------] 73 tests from TestURIUtils (0 ms total)

[----------] 22 tests from TestSystemInfo
[ RUN      ] TestSystemInfo.Print_System_Info
'GetKernelName(false)': "Linux"
'GetKernelVersion()': "7.0.0"
'GetKernelVersionFull()': "7.0.0-31-generic"
'GetOsPrettyNameWithVersion()': "Ubuntu 26.04.1 LTS"
'GetOsName(false)': "Ubuntu"
'GetOsVersion()': "26.04"
'GetKernelCpuFamily()': "x86"
'GetKernelBitness()': "64"
'GetBuildTargetPlatformName()': "Linux"
'GetBuildTargetPlatformVersionDecoded()': "version 7.0.14"
'GetBuildTargetPlatformVersion()': "458766"
'GetBuildTargetCpuFamily()': "x86"
'GetXbmcBitness()': "64"
'GetUsedCompilerNameAndVer()': "GCC 15.2.0"
'GetManufacturerName()': ""
'GetModelName()': ""
'GetUserAgent()': "Kodi/22.0-BETA2 (X11; Linux x86_64) Ubuntu/26.04 App_Bitness/64 Version/22.0-BETA2-(21.90.802)-Git:20260909-6c5ab2b911-dirty"
[       OK ] TestSystemInfo.Print_System_Info (0 ms)
[ RUN      ] TestSystemInfo.GetKernelName
[       OK ] TestSystemInfo.GetKernelName (0 ms)
[ RUN      ] TestSystemInfo.GetKernelVersionFull
[       OK ] TestSystemInfo.GetKernelVersionFull (0 ms)
[ RUN      ] TestSystemInfo.GetKernelVersion
[       OK ] TestSystemInfo.GetKernelVersion (0 ms)
[ RUN      ] TestSystemInfo.GetOsName
[       OK ] TestSystemInfo.GetOsName (0 ms)
[ DISABLED ] TestSystemInfo.DISABLED_GetOsVersion
[ RUN      ] TestSystemInfo.GetOsPrettyNameWithVersion
[       OK ] TestSystemInfo.GetOsPrettyNameWithVersion (0 ms)
[ RUN      ] TestSystemInfo.GetManufacturerName
[       OK ] TestSystemInfo.GetManufacturerName (0 ms)
[ RUN      ] TestSystemInfo.GetModelName
[       OK ] TestSystemInfo.GetModelName (0 ms)
[ RUN      ] TestSystemInfo.IsAeroDisabled
[       OK ] TestSystemInfo.IsAeroDisabled (0 ms)
[ RUN      ] TestSystemInfo.IsWindowsVersion
[       OK ] TestSystemInfo.IsWindowsVersion (0 ms)
[ RUN      ] TestSystemInfo.IsWindowsVersionAtLeast
[       OK ] TestSystemInfo.IsWindowsVersionAtLeast (0 ms)
[ RUN      ] TestSystemInfo.GetWindowsVersion
[       OK ] TestSystemInfo.GetWindowsVersion (0 ms)
[ RUN      ] TestSystemInfo.GetKernelBitness
[       OK ] TestSystemInfo.GetKernelBitness (0 ms)
[ RUN      ] TestSystemInfo.GetKernelCpuFamily
[       OK ] TestSystemInfo.GetKernelCpuFamily (0 ms)
[ RUN      ] TestSystemInfo.GetXbmcBitness
[       OK ] TestSystemInfo.GetXbmcBitness (0 ms)
[ RUN      ] TestSystemInfo.GetUserAgent
[       OK ] TestSystemInfo.GetUserAgent (0 ms)
[ RUN      ] TestSystemInfo.GetBuildTargetPlatformName
[       OK ] TestSystemInfo.GetBuildTargetPlatformName (0 ms)
[ RUN      ] TestSystemInfo.GetBuildTargetPlatformVersion
[       OK ] TestSystemInfo.GetBuildTargetPlatformVersion (0 ms)
[ RUN      ] TestSystemInfo.GetBuildTargetPlatformVersionDecoded
[       OK ] TestSystemInfo.GetBuildTargetPlatformVersionDecoded (0 ms)
[ RUN      ] TestSystemInfo.GetBuildTargetCpuFamily
[       OK ] TestSystemInfo.GetBuildTargetCpuFamily (0 ms)
[ RUN      ] TestSystemInfo.GetUsedCompilerNameAndVer
[       OK ] TestSystemInfo.GetUsedCompilerNameAndVer (0 ms)
[ RUN      ] TestSystemInfo.GetDiskSpace
[       OK ] TestSystemInfo.GetDiskSpace (0 ms)
[----------] 22 tests from TestSystemInfo (1 ms total)

[----------] 55 tests from TestStringUtils
[ RUN      ] TestStringUtils.Format
[       OK ] TestStringUtils.Format (0 ms)
[ RUN      ] TestStringUtils.FormatEnum
[       OK ] TestStringUtils.FormatEnum (0 ms)
[ RUN      ] TestStringUtils.FormatEnumWidth
[       OK ] TestStringUtils.FormatEnumWidth (0 ms)
[ RUN      ] TestStringUtils.ToUpper
[       OK ] TestStringUtils.ToUpper (0 ms)
[ RUN      ] TestStringUtils.ToLower
[       OK ] TestStringUtils.ToLower (0 ms)
[ RUN      ] TestStringUtils.ToCapitalize
[       OK ] TestStringUtils.ToCapitalize (0 ms)
[ RUN      ] TestStringUtils.EqualsNoCase
[       OK ] TestStringUtils.EqualsNoCase (0 ms)
[ RUN      ] TestStringUtils.ReturnDigits
[       OK ] TestStringUtils.ReturnDigits (0 ms)
[ RUN      ] TestStringUtils.Left
[       OK ] TestStringUtils.Left (0 ms)
[ RUN      ] TestStringUtils.Mid
[       OK ] TestStringUtils.Mid (0 ms)
[ RUN      ] TestStringUtils.Right
[       OK ] TestStringUtils.Right (0 ms)
[ RUN      ] TestStringUtils.Trim
[       OK ] TestStringUtils.Trim (0 ms)
[ RUN      ] TestStringUtils.TrimLeft
[       OK ] TestStringUtils.TrimLeft (0 ms)
[ RUN      ] TestStringUtils.TrimRight
[       OK ] TestStringUtils.TrimRight (0 ms)
[ RUN      ] TestStringUtils.RemoveDuplicatedSpacesAndTabs
[       OK ] TestStringUtils.RemoveDuplicatedSpacesAndTabs (0 ms)
[ RUN      ] TestStringUtils.ReplaceSpecialCharactersWithSpace
[       OK ] TestStringUtils.ReplaceSpecialCharactersWithSpace (0 ms)
[ RUN      ] TestStringUtils.Replace
[       OK ] TestStringUtils.Replace (0 ms)
[ RUN      ] TestStringUtils.StartsWith
[       OK ] TestStringUtils.StartsWith (0 ms)
[ RUN      ] TestStringUtils.EndsWith
[       OK ] TestStringUtils.EndsWith (0 ms)
[ RUN      ] TestStringUtils.Join
[       OK ] TestStringUtils.Join (0 ms)
[ RUN      ] TestStringUtils.Split
[       OK ] TestStringUtils.Split (0 ms)
[ RUN      ] TestStringUtils.SplitMulti
[       OK ] TestStringUtils.SplitMulti (0 ms)
[ RUN      ] TestStringUtils.FindNumber
[       OK ] TestStringUtils.FindNumber (0 ms)
[ RUN      ] TestStringUtils.AlphaNumericCompare
[       OK ] TestStringUtils.AlphaNumericCompare (0 ms)
[ RUN      ] TestStringUtils.GetNordicCollationWeight
[       OK ] TestStringUtils.GetNordicCollationWeight (0 ms)
[ RUN      ] TestStringUtils.TimeStringToSeconds
[       OK ] TestStringUtils.TimeStringToSeconds (0 ms)
[ RUN      ] TestStringUtils.RemoveCRLF
[       OK ] TestStringUtils.RemoveCRLF (0 ms)
[ RUN      ] TestStringUtils.utf8_strlen
[       OK ] TestStringUtils.utf8_strlen (0 ms)
[ RUN      ] TestStringUtils.SecondsToTimeString
[       OK ] TestStringUtils.SecondsToTimeString (0 ms)
[ RUN      ] TestStringUtils.MillisecondsToTimeString
[       OK ] TestStringUtils.MillisecondsToTimeString (0 ms)
[ RUN      ] TestStringUtils.IsNaturalNumber
[       OK ] TestStringUtils.IsNaturalNumber (0 ms)
[ RUN      ] TestStringUtils.IsInteger
[       OK ] TestStringUtils.IsInteger (0 ms)
[ RUN      ] TestStringUtils.SizeToString
[       OK ] TestStringUtils.SizeToString (0 ms)
[ RUN      ] TestStringUtils.EmptyString
[       OK ] TestStringUtils.EmptyString (0 ms)
[ RUN      ] TestStringUtils.FindWords
[       OK ] TestStringUtils.FindWords (0 ms)
[ RUN      ] TestStringUtils.FindWords_NonAscii
[       OK ] TestStringUtils.FindWords_NonAscii (0 ms)
[ RUN      ] TestStringUtils.FindEndBracket
[       OK ] TestStringUtils.FindEndBracket (0 ms)
[ RUN      ] TestStringUtils.DateStringToYYYYMMDD
[       OK ] TestStringUtils.DateStringToYYYYMMDD (0 ms)
[ RUN      ] TestStringUtils.WordToDigits
[       OK ] TestStringUtils.WordToDigits (0 ms)
[ RUN      ] TestStringUtils.CreateUUID
CreateUUID(): a17d1d8c-5317-4bd9-9665-509d8925e67a
[       OK ] TestStringUtils.CreateUUID (0 ms)
[ RUN      ] TestStringUtils.ValidateUUID
[       OK ] TestStringUtils.ValidateUUID (0 ms)
[ RUN      ] TestStringUtils.CompareFuzzy
[       OK ] TestStringUtils.CompareFuzzy (0 ms)
[ RUN      ] TestStringUtils.FindBestMatch
[       OK ] TestStringUtils.FindBestMatch (0 ms)
[ RUN      ] TestStringUtils.ContainsKeyword
[       OK ] TestStringUtils.ContainsKeyword (0 ms)
[ RUN      ] TestStringUtils.BinaryStringToString
[       OK ] TestStringUtils.BinaryStringToString (0 ms)
[ RUN      ] TestStringUtils.ToHexadecimal
[       OK ] TestStringUtils.ToHexadecimal (0 ms)
[ RUN      ] TestStringUtils.Paramify
[       OK ] TestStringUtils.Paramify (0 ms)
[ RUN      ] TestStringUtils.DeParamify
[       OK ] TestStringUtils.DeParamify (0 ms)
[ RUN      ] TestStringUtils.Tokenize
[       OK ] TestStringUtils.Tokenize (0 ms)
[ RUN      ] TestStringUtils.ToUint32
[       OK ] TestStringUtils.ToUint32 (0 ms)
[ RUN      ] TestStringUtils.ToUint64
[       OK ] TestStringUtils.ToUint64 (0 ms)
[ RUN      ] TestStringUtils.ToFloat
[       OK ] TestStringUtils.ToFloat (0 ms)
[ RUN      ] TestStringUtils.FormatFileSize
[       OK ] TestStringUtils.FormatFileSize (0 ms)
[ RUN      ] TestStringUtils.Contains
[       OK ] TestStringUtils.Contains (0 ms)
[ RUN      ] TestStringUtils.sortstringbyname
[       OK ] TestStringUtils.sortstringbyname (0 ms)
[----------] 55 tests from TestStringUtils (0 ms total)

[----------] 10 tests from TestStreamUtils
[ RUN      ] TestStreamUtils.General
[       OK ] TestStreamUtils.General (0 ms)
[ RUN      ] TestStreamUtils.LpcmIsRankedOnBitDepthAlone
[       OK ] TestStreamUtils.LpcmIsRankedOnBitDepthAlone (0 ms)
[ RUN      ] TestStreamUtils.EveryCodecKodiRecognisesIsRanked
[       OK ] TestStreamUtils.EveryCodecKodiRecognisesIsRanked (0 ms)
[ RUN      ] TestStreamUtils.CompareAudioQuality_CodecBeatsChannelsBeyondStereo
[       OK ] TestStreamUtils.CompareAudioQuality_CodecBeatsChannelsBeyondStereo (0 ms)
[ RUN      ] TestStreamUtils.CompareAudioQuality_ChannelsWinAtOrBelowStereo
[       OK ] TestStreamUtils.CompareAudioQuality_ChannelsWinAtOrBelowStereo (0 ms)
[ RUN      ] TestStreamUtils.CompareAudioQuality_UnknownCodecIsThePoorestSurroundChoice
[       OK ] TestStreamUtils.CompareAudioQuality_UnknownCodecIsThePoorestSurroundChoice (0 ms)
[ RUN      ] TestStreamUtils.CompareAudioQuality_IsAStrictWeakOrdering
[       OK ] TestStreamUtils.CompareAudioQuality_IsAStrictWeakOrdering (0 ms)
[ RUN      ] TestStreamUtils.CompareAudioQuality_UnknownChannelCountIsThePoorestChoice
[       OK ] TestStreamUtils.CompareAudioQuality_UnknownChannelCountIsThePoorestChoice (0 ms)
[ RUN      ] TestStreamUtils.CompareAudioQuality_UnknownChannelCountSentinelsRankEqually
[       OK ] TestStreamUtils.CompareAudioQuality_UnknownChannelCountSentinelsRankEqually (0 ms)
[ RUN      ] TestStreamUtils.NormalizeAudioCodecName
[       OK ] TestStreamUtils.NormalizeAudioCodecName (0 ms)
[----------] 10 tests from TestStreamUtils (0 ms total)

[----------] 54 tests from TestStreamDetails
[ RUN      ] TestStreamDetails.General
[       OK ] TestStreamDetails.General (0 ms)
[ RUN      ] TestStreamDetails.BestAudio_CodecBeatsChannelsBeyondStereo
[       OK ] TestStreamDetails.BestAudio_CodecBeatsChannelsBeyondStereo (0 ms)
[ RUN      ] TestStreamDetails.BestAudio_ChannelsBreakACodecTie
[       OK ] TestStreamDetails.BestAudio_ChannelsBreakACodecTie (0 ms)
[ RUN      ] TestStreamDetails.BestAudio_ChannelsDecideWithinALosslessGroup
[       OK ] TestStreamDetails.BestAudio_ChannelsDecideWithinALosslessGroup (0 ms)
[ RUN      ] TestStreamDetails.BestAudio_LosslessCarryingExtensionsOutranksLosslessWithout
[       OK ] TestStreamDetails.BestAudio_LosslessCarryingExtensionsOutranksLosslessWithout (0 ms)
[ RUN      ] TestStreamDetails.BestAudio_ChannelsStillWinAtOrBelowStereo
[       OK ] TestStreamDetails.BestAudio_ChannelsStillWinAtOrBelowStereo (0 ms)
[ RUN      ] TestStreamDetails.BestAudio_UnknownChannelCountIsThePoorestChoice
[       OK ] TestStreamDetails.BestAudio_UnknownChannelCountIsThePoorestChoice (0 ms)
[ RUN      ] TestStreamDetails.VideoDimsToResolutionDescription
[       OK ] TestStreamDetails.VideoDimsToResolutionDescription (0 ms)
[ RUN      ] TestStreamDetails.VideoDimsToResolutionDescriptionCommonResolutions
[       OK ] TestStreamDetails.VideoDimsToResolutionDescriptionCommonResolutions (0 ms)
[ RUN      ] TestStreamDetails.VideoDimsToResolutionDescriptionEdgeCases
[       OK ] TestStreamDetails.VideoDimsToResolutionDescriptionEdgeCases (0 ms)
[ RUN      ] TestStreamDetails.VideoAspectToAspectDescription
[       OK ] TestStreamDetails.VideoAspectToAspectDescription (0 ms)
[ RUN      ] TestStreamDetails.VideoAspectToAspectDescriptionCommonRatios
[       OK ] TestStreamDetails.VideoAspectToAspectDescriptionCommonRatios (0 ms)
[ RUN      ] TestStreamDetails.VideoAspectToAspectDescriptionBoundaries
[       OK ] TestStreamDetails.VideoAspectToAspectDescriptionBoundaries (0 ms)
[ RUN      ] TestStreamDetails.VideoAspectToAspectDescriptionEdgeCases
[       OK ] TestStreamDetails.VideoAspectToAspectDescriptionEdgeCases (0 ms)
[ RUN      ] TestStreamDetails.VideoAspectToAspectDescriptionRealContent
[       OK ] TestStreamDetails.VideoAspectToAspectDescriptionRealContent (0 ms)
[ RUN      ] TestStreamDetails.VideoAspectToAspectDescriptionRelabelledRanges
[       OK ] TestStreamDetails.VideoAspectToAspectDescriptionRelabelledRanges (0 ms)
[ RUN      ] TestStreamDetails.Equality_BothEmpty
[       OK ] TestStreamDetails.Equality_BothEmpty (0 ms)
[ RUN      ] TestStreamDetails.Equality_SelfComparison
[       OK ] TestStreamDetails.Equality_SelfComparison (0 ms)
[ RUN      ] TestStreamDetails.Equality_IdenticalContentAndSource
[       OK ] TestStreamDetails.Equality_IdenticalContentAndSource (0 ms)
[ RUN      ] TestStreamDetails.Equality_SameContentDifferentVideoSource_MediaVsNfo
[       OK ] TestStreamDetails.Equality_SameContentDifferentVideoSource_MediaVsNfo (0 ms)
[ RUN      ] TestStreamDetails.Equality_SameContentDifferentAudioSource_MediaVsNfo
[       OK ] TestStreamDetails.Equality_SameContentDifferentAudioSource_MediaVsNfo (0 ms)
[ RUN      ] TestStreamDetails.Equality_SameContentDifferentSubtitleSource_MediaVsNfo
[       OK ] TestStreamDetails.Equality_SameContentDifferentSubtitleSource_MediaVsNfo (0 ms)
[ RUN      ] TestStreamDetails.Equality_BothNfoSource_SameContent
[       OK ] TestStreamDetails.Equality_BothNfoSource_SameContent (0 ms)
[ RUN      ] TestStreamDetails.Equality_DifferentContentSameSource
[       OK ] TestStreamDetails.Equality_DifferentContentSameSource (0 ms)
[ RUN      ] TestStreamDetails.GetSource_PerStreamAndOutOfRange
[       OK ] TestStreamDetails.GetSource_PerStreamAndOutOfRange (0 ms)
[ RUN      ] TestStreamDetails.GetSources_Empty
[       OK ] TestStreamDetails.GetSources_Empty (0 ms)
[ RUN      ] TestStreamDetails.GetSources_ReturnsHighestOfMixedSources
[       OK ] TestStreamDetails.GetSources_ReturnsHighestOfMixedSources (0 ms)
[ RUN      ] TestStreamDetails.SetSources_AppliesToEveryStream
[       OK ] TestStreamDetails.SetSources_AppliesToEveryStream (0 ms)
[ RUN      ] TestStreamDetails.ShouldUpdateWithNewDetails_HigherOrEqualSourceWins
[       OK ] TestStreamDetails.ShouldUpdateWithNewDetails_HigherOrEqualSourceWins (0 ms)
[ RUN      ] TestStreamDetails.ShouldUpdateWithNewDetails_LegacyIsNeverOverwritten
[       OK ] TestStreamDetails.ShouldUpdateWithNewDetails_LegacyIsNeverOverwritten (0 ms)
[ RUN      ] TestStreamDetails.ShouldUpdateWithNewDetails_EmptyDetails
[       OK ] TestStreamDetails.ShouldUpdateWithNewDetails_EmptyDetails (0 ms)
[ RUN      ] TestStreamDetails.ShouldUpdateWithNewDetails_MixedSourcesUseHighest
[       OK ] TestStreamDetails.ShouldUpdateWithNewDetails_MixedSourcesUseHighest (0 ms)
[ RUN      ] TestStreamDetails.Version_DefaultsToCurrentAndSurvivesCopy
[       OK ] TestStreamDetails.Version_DefaultsToCurrentAndSurvivesCopy (0 ms)
[ RUN      ] TestStreamDetails.Version_AbsentStreamReportsZero
[       OK ] TestStreamDetails.Version_AbsentStreamReportsZero (0 ms)
[ RUN      ] TestStreamDetails.Source_SurvivesCopyAssignment
[       OK ] TestStreamDetails.Source_SurvivesCopyAssignment (0 ms)
[ RUN      ] TestStreamDetails.FirstLanguage_IsTheFirstStreamNotTheBestMatch
[       OK ] TestStreamDetails.FirstLanguage_IsTheFirstStreamNotTheBestMatch (0 ms)
[ RUN      ] TestStreamDetails.FirstLanguage_EmptyWhenThereIsNoSuchStream
[       OK ] TestStreamDetails.FirstLanguage_EmptyWhenThereIsNoSuchStream (0 ms)
[ RUN      ] TestStreamDetails.FirstLanguage_UnknownLanguageIsReportedAsEmpty
[       OK ] TestStreamDetails.FirstLanguage_UnknownLanguageIsReportedAsEmpty (0 ms)
[ RUN      ] TestStreamDetails.PreferredAudio_BestStreamInThePreferredLanguage
[       OK ] TestStreamDetails.PreferredAudio_BestStreamInThePreferredLanguage (0 ms)
[ RUN      ] TestStreamDetails.PreferredAudio_IndexCountsAllAudioStreams
[       OK ] TestStreamDetails.PreferredAudio_IndexCountsAllAudioStreams (0 ms)
[ RUN      ] TestStreamDetails.PreferredAudio_LanguageIsMatchedAcrossISO639Forms
[       OK ] TestStreamDetails.PreferredAudio_LanguageIsMatchedAcrossISO639Forms (0 ms)
[ RUN      ] TestStreamDetails.PreferredAudio_FallsBackToTheBestStream
[       OK ] TestStreamDetails.PreferredAudio_FallsBackToTheBestStream (0 ms)
[ RUN      ] TestStreamDetails.PreferredAudio_NoAudioStreams
[       OK ] TestStreamDetails.PreferredAudio_NoAudioStreams (0 ms)
[ RUN      ] TestStreamDetails.FirstAudio_CodecAndChannelsComeFromTheFirstStream
[       OK ] TestStreamDetails.FirstAudio_CodecAndChannelsComeFromTheFirstStream (0 ms)
[ RUN      ] TestStreamDetails.FirstAudio_CodecAndChannelsWhenThereIsNoSuchStream
[       OK ] TestStreamDetails.FirstAudio_CodecAndChannelsWhenThereIsNoSuchStream (0 ms)
[ RUN      ] TestStreamDetails.FirstAudio_UnknownCodecAndChannelsArePassedThrough
[       OK ] TestStreamDetails.FirstAudio_UnknownCodecAndChannelsArePassedThrough (0 ms)
[ RUN      ] TestStreamDetails.Flags_CopiedFromStreamInfo
[       OK ] TestStreamDetails.Flags_CopiedFromStreamInfo (0 ms)
[ RUN      ] TestStreamDetails.Flags_DefaultToNoneAndAbsentStreamReportsNone
[       OK ] TestStreamDetails.Flags_DefaultToNoneAndAbsentStreamReportsNone (0 ms)
[ RUN      ] TestStreamDetails.Flags_SurviveCopy
[       OK ] TestStreamDetails.Flags_SurviveCopy (0 ms)
[ RUN      ] TestStreamDetails.Flags_ParticipateInEquality
[       OK ] TestStreamDetails.Flags_ParticipateInEquality (0 ms)
[ RUN      ] TestStreamDetails.StreamFlagNames_EveryFlagRoundTrips
[       OK ] TestStreamDetails.StreamFlagNames_EveryFlagRoundTrips (0 ms)
[ RUN      ] TestStreamDetails.StreamFlagNames_UnknownAndUntidyNames
[       OK ] TestStreamDetails.StreamFlagNames_UnknownAndUntidyNames (0 ms)
[ RUN      ] TestStreamDetails.StreamFlagNames_ReportedAlphabetically
[       OK ] TestStreamDetails.StreamFlagNames_ReportedAlphabetically (0 ms)
[ RUN      ] TestStreamDetails.SerializeWidensLanguageToBcp47
[       OK ] TestStreamDetails.SerializeWidensLanguageToBcp47 (0 ms)
[----------] 54 tests from TestStreamDetails (0 ms total)

[----------] 5 tests from TestStopWatch
[ RUN      ] TestStopWatch.Initialization
[       OK ] TestStopWatch.Initialization (0 ms)
[ RUN      ] TestStopWatch.Start
[       OK ] TestStopWatch.Start (0 ms)
[ RUN      ] TestStopWatch.Stop
[       OK ] TestStopWatch.Stop (0 ms)
[ RUN      ] TestStopWatch.ElapsedTime
[       OK ] TestStopWatch.ElapsedTime (1 ms)
[ RUN      ] TestStopWatch.Reset
[       OK ] TestStopWatch.Reset (5 ms)
[----------] 5 tests from TestStopWatch (6 ms total)

[----------] 3 tests from TestSortUtils
[ RUN      ] TestSortUtils.Sort_SortBy
[       OK ] TestSortUtils.Sort_SortBy (0 ms)
[ RUN      ] TestSortUtils.Sort_SortDescription
[       OK ] TestSortUtils.Sort_SortDescription (0 ms)
[ RUN      ] TestSortUtils.GetFieldsForSorting
[       OK ] TestSortUtils.GetFieldsForSorting (0 ms)
[----------] 3 tests from TestSortUtils (0 ms total)

[----------] 3 tests from TestSet
[ RUN      ] TestSet.Lookup
[       OK ] TestSet.Lookup (0 ms)
[ RUN      ] TestSet.IsSorted
[       OK ] TestSet.IsSorted (0 ms)
[ RUN      ] TestSet.make_set
[       OK ] TestSet.make_set (0 ms)
[----------] 3 tests from TestSet (0 ms total)

[----------] 1 test from TestScraperUrl
[ RUN      ] TestScraperUrl.General
[       OK ] TestScraperUrl.General (0 ms)
[----------] 1 test from TestScraperUrl (0 ms total)

[----------] 1 test from TestScraperParser
[ RUN      ] TestScraperParser.General
[       OK ] TestScraperParser.General (0 ms)
[----------] 1 test from TestScraperParser (0 ms total)

[----------] 2 tests from TestRssReader
[ RUN      ] TestRssReader.ParseCorrectRss
[       OK ] TestRssReader.ParseCorrectRss (0 ms)
[ RUN      ] TestRssReader.ParseCorruptRss
[       OK ] TestRssReader.ParseCorruptRss (0 ms)
[----------] 2 tests from TestRssReader (0 ms total)

[----------] 1 test from TestRingBuffer
[ RUN      ] TestRingBuffer.General
[       OK ] TestRingBuffer.General (0 ms)
[----------] 1 test from TestRingBuffer (0 ms total)

[----------] 17 tests from TestRegExp
[ RUN      ] TestRegExp.RegFind
[       OK ] TestRegExp.RegFind (0 ms)
[ RUN      ] TestRegExp.InvalidPattern
[       OK ] TestRegExp.InvalidPattern (0 ms)
[ RUN      ] TestRegExp.Unicode
[       OK ] TestRegExp.Unicode (0 ms)
[ RUN      ] TestRegExp.JIT
[       OK ] TestRegExp.JIT (0 ms)
[ RUN      ] TestRegExp.GetReplaceString
[       OK ] TestRegExp.GetReplaceString (0 ms)
[ RUN      ] TestRegExp.GetFindLen
[       OK ] TestRegExp.GetFindLen (0 ms)
[ RUN      ] TestRegExp.GetSubCount
[       OK ] TestRegExp.GetSubCount (0 ms)
[ RUN      ] TestRegExp.GetSubStart
[       OK ] TestRegExp.GetSubStart (0 ms)
[ RUN      ] TestRegExp.GetSubLength
[       OK ] TestRegExp.GetSubLength (0 ms)
[ RUN      ] TestRegExp.GetCaptureTotal
[       OK ] TestRegExp.GetCaptureTotal (0 ms)
[ RUN      ] TestRegExp.GetMatch
[       OK ] TestRegExp.GetMatch (0 ms)
[ RUN      ] TestRegExp.GetPattern
[       OK ] TestRegExp.GetPattern (0 ms)
[ RUN      ] TestRegExp.operatorEqual
[       OK ] TestRegExp.operatorEqual (0 ms)
[ RUN      ] TestRegExp.BoundsChecks
[       OK ] TestRegExp.BoundsChecks (0 ms)
[ RUN      ] TestRegExp.NonCapturingGroupsNotCounted
[       OK ] TestRegExp.NonCapturingGroupsNotCounted (0 ms)
[ RUN      ] TestRegExp.OptionalGroupUnmatched
[       OK ] TestRegExp.OptionalGroupUnmatched (0 ms)
[ RUN      ] TestRegExp.GetMatchNoMatch
[       OK ] TestRegExp.GetMatchNoMatch (0 ms)
[----------] 17 tests from TestRegExp (0 ms total)

[----------] 1 test from TestRegExpLog
[ RUN      ] TestRegExpLog.DumpOvector
[       OK ] TestRegExpLog.DumpOvector (0 ms)
[----------] 1 test from TestRegExpLog (0 ms total)

[----------] 3 tests from TestRegExpCache
[ RUN      ] TestRegExpCache.WithCache
[       OK ] TestRegExpCache.WithCache (0 ms)
[ RUN      ] TestRegExpCache.WithoutCache
[       OK ] TestRegExpCache.WithoutCache (0 ms)
[ RUN      ] TestRegExpCache.CtorArgs
[       OK ] TestRegExpCache.CtorArgs (0 ms)
[----------] 3 tests from TestRegExpCache (0 ms total)

[----------] 1 test from TestPOUtils
[ RUN      ] TestPOUtils.General
[       OK ] TestPOUtils.General (0 ms)
[----------] 1 test from TestPOUtils (0 ms total)

[----------] 3 tests from TestMp4ChplReader
[ RUN      ] TestMp4ChplReader.CanParseValidChplAtom
[       OK ] TestMp4ChplReader.CanParseValidChplAtom (0 ms)
[ RUN      ] TestMp4ChplReader.ReturnsNoneWhenNoChplAtom
[       OK ] TestMp4ChplReader.ReturnsNoneWhenNoChplAtom (0 ms)
[ RUN      ] TestMp4ChplReader.FailsGracefullyOnCorruptChplAtom
[       OK ] TestMp4ChplReader.FailsGracefullyOnCorruptChplAtom (0 ms)
[----------] 3 tests from TestMp4ChplReader (0 ms total)

[----------] 2 tests from TestMime
[ RUN      ] TestMime.GetMimeType_string
[       OK ] TestMime.GetMimeType_string (0 ms)
[ RUN      ] TestMime.GetMimeType_CFileItem
[       OK ] TestMime.GetMimeType_CFileItem (0 ms)
[----------] 2 tests from TestMime (0 ms total)

[----------] 4 tests from TestMathUtils
[ RUN      ] TestMathUtils.round_int
[       OK ] TestMathUtils.round_int (0 ms)
[ RUN      ] TestMathUtils.truncate_int
[       OK ] TestMathUtils.truncate_int (0 ms)
[ RUN      ] TestMathUtils.abs
[       OK ] TestMathUtils.abs (0 ms)
[ RUN      ] TestMathUtils.bitcount
[       OK ] TestMathUtils.bitcount (0 ms)
[----------] 4 tests from TestMathUtils (0 ms total)

[----------] 3 tests from TestMap
[ RUN      ] TestMap.SortableKey
[       OK ] TestMap.SortableKey (0 ms)
[ RUN      ] TestMap.NonSortableKey
[       OK ] TestMap.NonSortableKey (0 ms)
[ RUN      ] TestMap.EnumConstexpr
[       OK ] TestMap.EnumConstexpr (0 ms)
[----------] 3 tests from TestMap (0 ms total)

[----------] 2 tests from Testlog
[ RUN      ] Testlog.Log
[       OK ] Testlog.Log (0 ms)
[ RUN      ] Testlog.SetLogLevel
[       OK ] Testlog.SetLogLevel (0 ms)
[----------] 2 tests from Testlog (0 ms total)

[----------] 12 tests from TestLocale
[ RUN      ] TestLocale.DefaultLocale
[       OK ] TestLocale.DefaultLocale (0 ms)
[ RUN      ] TestLocale.LanguageLocale
[       OK ] TestLocale.LanguageLocale (0 ms)
[ RUN      ] TestLocale.LanguageTerritoryLocale
[       OK ] TestLocale.LanguageTerritoryLocale (0 ms)
[ RUN      ] TestLocale.LanguageCodesetLocale
[       OK ] TestLocale.LanguageCodesetLocale (0 ms)
[ RUN      ] TestLocale.LanguageModifierLocale
[       OK ] TestLocale.LanguageModifierLocale (0 ms)
[ RUN      ] TestLocale.LanguageTerritoryCodesetLocale
[       OK ] TestLocale.LanguageTerritoryCodesetLocale (0 ms)
[ RUN      ] TestLocale.LanguageTerritoryModifierLocale
[       OK ] TestLocale.LanguageTerritoryModifierLocale (0 ms)
[ RUN      ] TestLocale.LanguageTerritoryCodesetModifierLocale
[       OK ] TestLocale.LanguageTerritoryCodesetModifierLocale (0 ms)
[ RUN      ] TestLocale.FullStringLocale
[       OK ] TestLocale.FullStringLocale (0 ms)
[ RUN      ] TestLocale.FromString
[       OK ] TestLocale.FromString (0 ms)
[ RUN      ] TestLocale.EmptyLocale
[       OK ] TestLocale.EmptyLocale (0 ms)
[ RUN      ] TestLocale.Equals
[       OK ] TestLocale.Equals (0 ms)
[----------] 12 tests from TestLocale (0 ms total)

[----------] 16 tests from TestLanguageTag
[ RUN      ] TestLanguageTag.DefaultConstructedIsEmpty
[       OK ] TestLanguageTag.DefaultConstructedIsEmpty (0 ms)
[ RUN      ] TestLanguageTag.ParsesEveryNotationToTheSameTag
[       OK ] TestLanguageTag.ParsesEveryNotationToTheSameTag (0 ms)
[ RUN      ] TestLanguageTag.KeepsSubtagsThatIso639CannotExpress
[       OK ] TestLanguageTag.KeepsSubtagsThatIso639CannotExpress (0 ms)
[ RUN      ] TestLanguageTag.NarrowingIsLosslessForALanguageWithoutSubtags
[       OK ] TestLanguageTag.NarrowingIsLosslessForALanguageWithoutSubtags (0 ms)
[ RUN      ] TestLanguageTag.NamesTheTerminologyForm
[       OK ] TestLanguageTag.NamesTheTerminologyForm (0 ms)
[ RUN      ] TestLanguageTag.NamesTheAlpha2Form
[       OK ] TestLanguageTag.NamesTheAlpha2Form (0 ms)
[ RUN      ] TestLanguageTag.KeepsLanguagesWithNoAlpha2Code
[       OK ] TestLanguageTag.KeepsLanguagesWithNoAlpha2Code (0 ms)
[ RUN      ] TestLanguageTag.KeepsUnrecognizedTextVerbatim
[       OK ] TestLanguageTag.KeepsUnrecognizedTextVerbatim (0 ms)
[ RUN      ] TestLanguageTag.ComparesTagsRatherThanLanguages
[       OK ] TestLanguageTag.ComparesTagsRatherThanLanguages (0 ms)
[ RUN      ] TestLanguageTag.UndeterminedIsATagLikeAnyOther
[       OK ] TestLanguageTag.UndeterminedIsATagLikeAnyOther (0 ms)
[ RUN      ] TestLanguageTag.TreatsAbsentAndUndeterminedAlike
[       OK ] TestLanguageTag.TreatsAbsentAndUndeterminedAlike (0 ms)
[ RUN      ] TestLanguageTag.MatchesTheSameLanguageInAnyNotation
[       OK ] TestLanguageTag.MatchesTheSameLanguageInAnyNotation (0 ms)
[ RUN      ] TestLanguageTag.NamesTheLanguageInEnglish
[       OK ] TestLanguageTag.NamesTheLanguageInEnglish (0 ms)
[ RUN      ] TestLanguageTag.RecognizesOnlyRealLanguages
[       OK ] TestLanguageTag.RecognizesOnlyRealLanguages (0 ms)
[ RUN      ] TestLanguageTag.PrefersTheCurrentCodeOverTheDeprecatedOne
[       OK ] TestLanguageTag.PrefersTheCurrentCodeOverTheDeprecatedOne (0 ms)
[ RUN      ] TestLanguageTag.NarrowingDropsTheRegionFromTheEnglishName
[       OK ] TestLanguageTag.NarrowingDropsTheRegionFromTheEnglishName (0 ms)
[----------] 16 tests from TestLanguageTag (0 ms total)

[----------] 4 tests from TestLangCodeExpander
[ RUN      ] TestLangCodeExpander.ParseUserCodes
[       OK ] TestLangCodeExpander.ParseUserCodes (0 ms)
[ RUN      ] TestLangCodeExpander.ConvertISO6391ToISO6392B
[       OK ] TestLangCodeExpander.ConvertISO6391ToISO6392B (0 ms)
[ RUN      ] TestLangCodeExpander.ConvertToISO6392B
[       OK ] TestLangCodeExpander.ConvertToISO6392B (0 ms)
[ RUN      ] TestLangCodeExpander.ConvertToISO6391
[       OK ] TestLangCodeExpander.ConvertToISO6391 (0 ms)
[----------] 4 tests from TestLangCodeExpander (0 ms total)

[----------] 2 tests from TestLabelFormatter
[ RUN      ] TestLabelFormatter.FormatLabel
[       OK ] TestLabelFormatter.FormatLabel (0 ms)
[ RUN      ] TestLabelFormatter.FormatLabel2
[       OK ] TestLabelFormatter.FormatLabel2 (0 ms)
[----------] 2 tests from TestLabelFormatter (0 ms total)

[----------] 10 tests from TestJSONVariantWriter
[ RUN      ] TestJSONVariantWriter.CanWriteNull
[       OK ] TestJSONVariantWriter.CanWriteNull (0 ms)
[ RUN      ] TestJSONVariantWriter.CanWriteBoolean
[       OK ] TestJSONVariantWriter.CanWriteBoolean (0 ms)
[ RUN      ] TestJSONVariantWriter.CanWriteSignedInteger
[       OK ] TestJSONVariantWriter.CanWriteSignedInteger (0 ms)
[ RUN      ] TestJSONVariantWriter.CanWriteUnsignedInteger
[       OK ] TestJSONVariantWriter.CanWriteUnsignedInteger (0 ms)
[ RUN      ] TestJSONVariantWriter.CanWriteSignedInteger64
[       OK ] TestJSONVariantWriter.CanWriteSignedInteger64 (0 ms)
[ RUN      ] TestJSONVariantWriter.CanWriteUnsignedInteger64
[       OK ] TestJSONVariantWriter.CanWriteUnsignedInteger64 (0 ms)
[ RUN      ] TestJSONVariantWriter.CanWriteDouble
[       OK ] TestJSONVariantWriter.CanWriteDouble (0 ms)
[ RUN      ] TestJSONVariantWriter.CanWriteString
[       OK ] TestJSONVariantWriter.CanWriteString (0 ms)
[ RUN      ] TestJSONVariantWriter.CanWriteObject
[       OK ] TestJSONVariantWriter.CanWriteObject (0 ms)
[ RUN      ] TestJSONVariantWriter.CanWriteArray
[       OK ] TestJSONVariantWriter.CanWriteArray (0 ms)
[----------] 10 tests from TestJSONVariantWriter (0 ms total)

[----------] 13 tests from TestJSONVariantParser
[ RUN      ] TestJSONVariantParser.CannotParseNullptr
[       OK ] TestJSONVariantParser.CannotParseNullptr (0 ms)
[ RUN      ] TestJSONVariantParser.CannotParseEmptyString
[       OK ] TestJSONVariantParser.CannotParseEmptyString (0 ms)
[ RUN      ] TestJSONVariantParser.CannotParseInvalidJson
[       OK ] TestJSONVariantParser.CannotParseInvalidJson (0 ms)
[ RUN      ] TestJSONVariantParser.CanParseNull
[       OK ] TestJSONVariantParser.CanParseNull (0 ms)
[ RUN      ] TestJSONVariantParser.CanParseBoolean
[       OK ] TestJSONVariantParser.CanParseBoolean (0 ms)
[ RUN      ] TestJSONVariantParser.CanParseSignedInteger
[       OK ] TestJSONVariantParser.CanParseSignedInteger (0 ms)
[ RUN      ] TestJSONVariantParser.CanParseUnsignedInteger
[       OK ] TestJSONVariantParser.CanParseUnsignedInteger (0 ms)
[ RUN      ] TestJSONVariantParser.CanParseSignedInteger64
[       OK ] TestJSONVariantParser.CanParseSignedInteger64 (0 ms)
[ RUN      ] TestJSONVariantParser.CanParseUnsignedInteger64
[       OK ] TestJSONVariantParser.CanParseUnsignedInteger64 (0 ms)
[ RUN      ] TestJSONVariantParser.CanParseDouble
[       OK ] TestJSONVariantParser.CanParseDouble (0 ms)
[ RUN      ] TestJSONVariantParser.CanParseString
[       OK ] TestJSONVariantParser.CanParseString (0 ms)
[ RUN      ] TestJSONVariantParser.CanParseObject
[       OK ] TestJSONVariantParser.CanParseObject (0 ms)
[ RUN      ] TestJSONVariantParser.CanParseArray
[       OK ] TestJSONVariantParser.CanParseArray (0 ms)
[----------] 13 tests from TestJSONVariantParser (0 ms total)

[----------] 4 tests from TestJobManager
[ RUN      ] TestJobManager.AddJob
[       OK ] TestJobManager.AddJob (50 ms)
[ RUN      ] TestJobManager.CancelJob
[       OK ] TestJobManager.CancelJob (100 ms)
[ RUN      ] TestJobManager.PauseLowPriorityJob
[       OK ] TestJobManager.PauseLowPriorityJob (0 ms)
[ RUN      ] TestJobManager.IsProcessing
[       OK ] TestJobManager.IsProcessing (0 ms)
[----------] 4 tests from TestJobManager (151 ms total)

[----------] 1 test from TestHttpResponse
[ RUN      ] TestHttpResponse.General
[       OK ] TestHttpResponse.General (0 ms)
[----------] 1 test from TestHttpResponse (0 ms total)

[----------] 5 tests from TestHttpRange
[ RUN      ] TestHttpRange.FirstPosition
[       OK ] TestHttpRange.FirstPosition (0 ms)
[ RUN      ] TestHttpRange.LastPosition
[       OK ] TestHttpRange.LastPosition (0 ms)
[ RUN      ] TestHttpRange.Length
[       OK ] TestHttpRange.Length (0 ms)
[ RUN      ] TestHttpRange.IsValid
[       OK ] TestHttpRange.IsValid (0 ms)
[ RUN      ] TestHttpRange.Ctor
[       OK ] TestHttpRange.Ctor (0 ms)
[----------] 5 tests from TestHttpRange (0 ms total)

[----------] 1 test from TestHttpResponseRange
[ RUN      ] TestHttpResponseRange.SetData
[       OK ] TestHttpResponseRange.SetData (0 ms)
[----------] 1 test from TestHttpResponseRange (0 ms total)

[----------] 24 tests from TestHttpRanges
[ RUN      ] TestHttpRanges.Ctor
[       OK ] TestHttpRanges.Ctor (0 ms)
[ RUN      ] TestHttpRanges.GetAll
[       OK ] TestHttpRanges.GetAll (0 ms)
[ RUN      ] TestHttpRanges.GetIndex
[       OK ] TestHttpRanges.GetIndex (0 ms)
[ RUN      ] TestHttpRanges.GetFirst
[       OK ] TestHttpRanges.GetFirst (0 ms)
[ RUN      ] TestHttpRanges.GetLast
[       OK ] TestHttpRanges.GetLast (0 ms)
[ RUN      ] TestHttpRanges.Size
[       OK ] TestHttpRanges.Size (0 ms)
[ RUN      ] TestHttpRanges.GetFirstPosition
[       OK ] TestHttpRanges.GetFirstPosition (0 ms)
[ RUN      ] TestHttpRanges.GetLastPosition
[       OK ] TestHttpRanges.GetLastPosition (0 ms)
[ RUN      ] TestHttpRanges.GetLength
[       OK ] TestHttpRanges.GetLength (0 ms)
[ RUN      ] TestHttpRanges.GetTotalRange
[       OK ] TestHttpRanges.GetTotalRange (0 ms)
[ RUN      ] TestHttpRanges.Add
[       OK ] TestHttpRanges.Add (0 ms)
[ RUN      ] TestHttpRanges.Remove
[       OK ] TestHttpRanges.Remove (0 ms)
[ RUN      ] TestHttpRanges.Clear
[       OK ] TestHttpRanges.Clear (0 ms)
[ RUN      ] TestHttpRanges.ParseInvalid
[       OK ] TestHttpRanges.ParseInvalid (0 ms)
[ RUN      ] TestHttpRanges.ParseStartOnly
[       OK ] TestHttpRanges.ParseStartOnly (0 ms)
[ RUN      ] TestHttpRanges.ParseFromEnd
[       OK ] TestHttpRanges.ParseFromEnd (0 ms)
[ RUN      ] TestHttpRanges.ParseSingle
[       OK ] TestHttpRanges.ParseSingle (0 ms)
[ RUN      ] TestHttpRanges.ParseMulti
[       OK ] TestHttpRanges.ParseMulti (0 ms)
[ RUN      ] TestHttpRanges.ParseOrderedNotOverlapping
[       OK ] TestHttpRanges.ParseOrderedNotOverlapping (0 ms)
[ RUN      ] TestHttpRanges.ParseOrderedBackToBack
[       OK ] TestHttpRanges.ParseOrderedBackToBack (0 ms)
[ RUN      ] TestHttpRanges.ParseOrderedOverlapping
[       OK ] TestHttpRanges.ParseOrderedOverlapping (0 ms)
[ RUN      ] TestHttpRanges.ParseUnorderedNotOverlapping
[       OK ] TestHttpRanges.ParseUnorderedNotOverlapping (0 ms)
[ RUN      ] TestHttpRanges.ParseUnorderedBackToBack
[       OK ] TestHttpRanges.ParseUnorderedBackToBack (0 ms)
[ RUN      ] TestHttpRanges.ParseUnorderedOverlapping
[       OK ] TestHttpRanges.ParseUnorderedOverlapping (0 ms)
[----------] 24 tests from TestHttpRanges (0 ms total)

[----------] 1 test from TestHttpParser
[ RUN      ] TestHttpParser.General
[       OK ] TestHttpParser.General (0 ms)
[----------] 1 test from TestHttpParser (0 ms total)

[----------] 8 tests from TestHttpHeader
[ RUN      ] TestHttpHeader.General
[       OK ] TestHttpHeader.General (0 ms)
[ RUN      ] TestHttpHeader.Parse
[       OK ] TestHttpHeader.Parse (0 ms)
[ RUN      ] TestHttpHeader.Parse_Multiline
[       OK ] TestHttpHeader.Parse_Multiline (0 ms)
[ RUN      ] TestHttpHeader.GetValue
[       OK ] TestHttpHeader.GetValue (0 ms)
[ RUN      ] TestHttpHeader.GetValues
[       OK ] TestHttpHeader.GetValues (0 ms)
[ RUN      ] TestHttpHeader.AddParam
[       OK ] TestHttpHeader.AddParam (0 ms)
[ RUN      ] TestHttpHeader.GetMimeType
[       OK ] TestHttpHeader.GetMimeType (0 ms)
[ RUN      ] TestHttpHeader.GetCharset
[       OK ] TestHttpHeader.GetCharset (0 ms)
[----------] 8 tests from TestHttpHeader (0 ms total)

[----------] 2 tests from TestHTMLUtil
[ RUN      ] TestHTMLUtil.RemoveTags
[       OK ] TestHTMLUtil.RemoveTags (0 ms)
[ RUN      ] TestHTMLUtil.ConvertHTMLToW
[       OK ] TestHTMLUtil.ConvertHTMLToW (0 ms)
[----------] 2 tests from TestHTMLUtil (0 ms total)

[----------] 1 test from TestGPUInfo
[ RUN      ] TestGPUInfo.GetTemperatureFromCmd
[       OK ] TestGPUInfo.GetTemperatureFromCmd (1 ms)
[----------] 1 test from TestGPUInfo (1 ms total)

[----------] 1 test from TestGlobal
[ RUN      ] TestGlobal.Pattern1
[       OK ] TestGlobal.Pattern1 (0 ms)
[----------] 1 test from TestGlobal (0 ms total)

[----------] 2 tests from TestFileUtils
[ RUN      ] TestFileUtils.DeleteItem_CFileItemPtr
[       OK ] TestFileUtils.DeleteItem_CFileItemPtr (0 ms)
[ RUN      ] TestFileUtils.DeleteItemString
[       OK ] TestFileUtils.DeleteItemString (0 ms)
[----------] 2 tests from TestFileUtils (0 ms total)

[----------] 7 tests from TestFileOperationJob
[ RUN      ] TestFileOperationJob.ActionCopy
[       OK ] TestFileOperationJob.ActionCopy (0 ms)
[ RUN      ] TestFileOperationJob.ActionMove
[       OK ] TestFileOperationJob.ActionMove (0 ms)
[ RUN      ] TestFileOperationJob.ActionDelete
[       OK ] TestFileOperationJob.ActionDelete (0 ms)
[ RUN      ] TestFileOperationJob.ActionReplace
[       OK ] TestFileOperationJob.ActionReplace (0 ms)
[ RUN      ] TestFileOperationJob.ActionCreateFolder
[       OK ] TestFileOperationJob.ActionCreateFolder (0 ms)
[ RUN      ] TestFileOperationJob.ActionDeleteFolder
[       OK ] TestFileOperationJob.ActionDeleteFolder (0 ms)
[ RUN      ] TestFileOperationJob.GetFunctions
GetAverageSpeed(): 
GetCurrentOperation(): 
GetCurrentFile(): xbmctempfileygrlFd
[       OK ] TestFileOperationJob.GetFunctions (0 ms)
[----------] 7 tests from TestFileOperationJob (1 ms total)

[----------] 1 test from TestFileExtensionProvider
[ RUN      ] TestFileExtensionProvider.GettersAnswerEmptyAfterDeinitializationRatherThanFaulting
[       OK ] TestFileExtensionProvider.GettersAnswerEmptyAfterDeinitializationRatherThanFaulting (0 ms)
[----------] 1 test from TestFileExtensionProvider (0 ms total)

[----------] 3 tests from TestExecString
[ RUN      ] TestExecString.ctor_1
[       OK ] TestExecString.ctor_1 (0 ms)
[ RUN      ] TestExecString.ctor_2
[       OK ] TestExecString.ctor_2 (0 ms)
[ RUN      ] TestExecString.ctor_3
[       OK ] TestExecString.ctor_3 (0 ms)
[----------] 3 tests from TestExecString (0 ms total)

[----------] 9 tests from TestEndianSwap
[ RUN      ] TestEndianSwap.Endian_Swap16
[       OK ] TestEndianSwap.Endian_Swap16 (0 ms)
[ RUN      ] TestEndianSwap.Endian_Swap32
[       OK ] TestEndianSwap.Endian_Swap32 (0 ms)
[ RUN      ] TestEndianSwap.Endian_Swap64
[       OK ] TestEndianSwap.Endian_Swap64 (0 ms)
[ RUN      ] TestEndianSwap.Endian_SwapLE16
[       OK ] TestEndianSwap.Endian_SwapLE16 (0 ms)
[ RUN      ] TestEndianSwap.Endian_SwapLE32
[       OK ] TestEndianSwap.Endian_SwapLE32 (0 ms)
[ RUN      ] TestEndianSwap.Endian_SwapLE64
[       OK ] TestEndianSwap.Endian_SwapLE64 (0 ms)
[ RUN      ] TestEndianSwap.Endian_SwapBE16
[       OK ] TestEndianSwap.Endian_SwapBE16 (0 ms)
[ RUN      ] TestEndianSwap.Endian_SwapBE32
[       OK ] TestEndianSwap.Endian_SwapBE32 (0 ms)
[ RUN      ] TestEndianSwap.Endian_SwapBE64
[       OK ] TestEndianSwap.Endian_SwapBE64 (0 ms)
[----------] 9 tests from TestEndianSwap (0 ms total)

[----------] 9 tests from TestDigest
[ RUN      ] TestDigest.Digest_Empty
[       OK ] TestDigest.Digest_Empty (0 ms)
[ RUN      ] TestDigest.Digest_Basic
[       OK ] TestDigest.Digest_Basic (0 ms)
[ RUN      ] TestDigest.Digest_SHA1
[       OK ] TestDigest.Digest_SHA1 (0 ms)
[ RUN      ] TestDigest.Digest_SHA256
[       OK ] TestDigest.Digest_SHA256 (0 ms)
[ RUN      ] TestDigest.Digest_SHA512
[       OK ] TestDigest.Digest_SHA512 (0 ms)
[ RUN      ] TestDigest.TypedDigest_Empty
[       OK ] TestDigest.TypedDigest_Empty (0 ms)
[ RUN      ] TestDigest.TypedDigest_SameType
[       OK ] TestDigest.TypedDigest_SameType (0 ms)
[ RUN      ] TestDigest.TypedDigest_CompareCase
[       OK ] TestDigest.TypedDigest_CompareCase (0 ms)
[ RUN      ] TestDigest.TypedDigest_DifferingType
[       OK ] TestDigest.TypedDigest_DifferingType (0 ms)
[----------] 9 tests from TestDigest (0 ms total)

[----------] 18 tests from TestDatabaseUtils
[ RUN      ] TestDatabaseUtils.GetField_None
[       OK ] TestDatabaseUtils.GetField_None (0 ms)
[ RUN      ] TestDatabaseUtils.GetField_MediaTypeAlbum
[       OK ] TestDatabaseUtils.GetField_MediaTypeAlbum (0 ms)
[ RUN      ] TestDatabaseUtils.GetField_MediaTypeSong
[       OK ] TestDatabaseUtils.GetField_MediaTypeSong (0 ms)
[ RUN      ] TestDatabaseUtils.GetField_MediaTypeMusicVideo
[       OK ] TestDatabaseUtils.GetField_MediaTypeMusicVideo (0 ms)
[ RUN      ] TestDatabaseUtils.GetField_MediaTypeMovie
[       OK ] TestDatabaseUtils.GetField_MediaTypeMovie (0 ms)
[ RUN      ] TestDatabaseUtils.GetField_MediaTypeTvShow
[       OK ] TestDatabaseUtils.GetField_MediaTypeTvShow (0 ms)
[ RUN      ] TestDatabaseUtils.GetField_MediaTypeEpisode
[       OK ] TestDatabaseUtils.GetField_MediaTypeEpisode (0 ms)
[ RUN      ] TestDatabaseUtils.GetField_FieldRandom
[       OK ] TestDatabaseUtils.GetField_FieldRandom (0 ms)
[ RUN      ] TestDatabaseUtils.GetFieldIndex_None
[       OK ] TestDatabaseUtils.GetFieldIndex_None (0 ms)
[ RUN      ] TestDatabaseUtils.GetFieldIndex_MediaTypeAlbum
[       OK ] TestDatabaseUtils.GetFieldIndex_MediaTypeAlbum (0 ms)
[ RUN      ] TestDatabaseUtils.GetFieldIndex_MediaTypeSong
[       OK ] TestDatabaseUtils.GetFieldIndex_MediaTypeSong (0 ms)
[ RUN      ] TestDatabaseUtils.GetFieldIndex_MediaTypeMusicVideo
[       OK ] TestDatabaseUtils.GetFieldIndex_MediaTypeMusicVideo (0 ms)
[ RUN      ] TestDatabaseUtils.GetFieldIndex_MediaTypeMovie
[       OK ] TestDatabaseUtils.GetFieldIndex_MediaTypeMovie (0 ms)
[ RUN      ] TestDatabaseUtils.GetFieldIndex_MediaTypeTvShow
[       OK ] TestDatabaseUtils.GetFieldIndex_MediaTypeTvShow (0 ms)
[ RUN      ] TestDatabaseUtils.GetFieldIndex_MediaTypeEpisode
[       OK ] TestDatabaseUtils.GetFieldIndex_MediaTypeEpisode (0 ms)
[ RUN      ] TestDatabaseUtils.GetSelectFields
[       OK ] TestDatabaseUtils.GetSelectFields (0 ms)
[ RUN      ] TestDatabaseUtils.GetFieldValue
[       OK ] TestDatabaseUtils.GetFieldValue (0 ms)
[ RUN      ] TestDatabaseUtils.BuildLimitClause
[       OK ] TestDatabaseUtils.BuildLimitClause (0 ms)
[----------] 18 tests from TestDatabaseUtils (0 ms total)

[----------] 4 tests from TestCrc32
[ RUN      ] TestCrc32.Compute_1
[       OK ] TestCrc32.Compute_1 (0 ms)
[ RUN      ] TestCrc32.Compute_2
[       OK ] TestCrc32.Compute_2 (0 ms)
[ RUN      ] TestCrc32.ComputeFromLowerCase
[       OK ] TestCrc32.ComputeFromLowerCase (0 ms)
[ RUN      ] TestCrc32.Reset
[       OK ] TestCrc32.Reset (0 ms)
[----------] 4 tests from TestCrc32 (0 ms total)

[----------] 5 tests from TestContentUtils
[ RUN      ] TestContentUtils.GeneratePlayableTrailerItemUsesTrailerPath
[       OK ] TestContentUtils.GeneratePlayableTrailerItemUsesTrailerPath (0 ms)
[ RUN      ] TestContentUtils.GeneratePlayableTrailerItemDoesNotInheritTheMoviePath
[       OK ] TestContentUtils.GeneratePlayableTrailerItemDoesNotInheritTheMoviePath (0 ms)
[ RUN      ] TestContentUtils.GeneratePlayableTrailerItemResetsPlaybackState
[       OK ] TestContentUtils.GeneratePlayableTrailerItemResetsPlaybackState (0 ms)
[ RUN      ] TestContentUtils.GeneratePlayableTrailerItemKeepsMovieDetails
[       OK ] TestContentUtils.GeneratePlayableTrailerItemKeepsMovieDetails (0 ms)
[ RUN      ] TestContentUtils.GeneratePlayableTrailerItemLeavesTheMovieItemUntouched
[       OK ] TestContentUtils.GeneratePlayableTrailerItemLeavesTheMovieItemUntouched (0 ms)
[----------] 5 tests from TestContentUtils (0 ms total)

[----------] 1 test from TestComponentContainer
[ RUN      ] TestComponentContainer.Generic
[       OK ] TestComponentContainer.Generic (0 ms)
[----------] 1 test from TestComponentContainer (0 ms total)

[----------] 7 tests from TestCPUInfo
[ RUN      ] TestCPUInfo.GetUsedPercentage
[       OK ] TestCPUInfo.GetUsedPercentage (0 ms)
[ RUN      ] TestCPUInfo.GetCPUCount
[       OK ] TestCPUInfo.GetCPUCount (0 ms)
[ RUN      ] TestCPUInfo.GetCPUFrequency
[       OK ] TestCPUInfo.GetCPUFrequency (0 ms)
[ RUN      ] TestCPUInfo.GetTemperature
[       OK ] TestCPUInfo.GetTemperature (1 ms)
[ RUN      ] TestCPUInfo.CoreInfo
[       OK ] TestCPUInfo.CoreInfo (0 ms)
[ RUN      ] TestCPUInfo.GetCoresUsageString
[       OK ] TestCPUInfo.GetCoresUsageString (0 ms)
[ RUN      ] TestCPUInfo.GetCPUFeatures
[       OK ] TestCPUInfo.GetCPUFeatures (0 ms)
[----------] 7 tests from TestCPUInfo (2 ms total)

[----------] 20 tests from TestCharsetConverter
[ RUN      ] TestCharsetConverter.utf8ToW
[       OK ] TestCharsetConverter.utf8ToW (0 ms)
[ RUN      ] TestCharsetConverter.subtitleCharsetToUtf8
[       OK ] TestCharsetConverter.subtitleCharsetToUtf8 (0 ms)
[ RUN      ] TestCharsetConverter.utf8ToStringCharset_1
[       OK ] TestCharsetConverter.utf8ToStringCharset_1 (0 ms)
[ RUN      ] TestCharsetConverter.utf8ToStringCharset_2
[       OK ] TestCharsetConverter.utf8ToStringCharset_2 (0 ms)
[ RUN      ] TestCharsetConverter.utf8ToSystem
[       OK ] TestCharsetConverter.utf8ToSystem (0 ms)
[ RUN      ] TestCharsetConverter.utf8To_ASCII
[       OK ] TestCharsetConverter.utf8To_ASCII (0 ms)
[ RUN      ] TestCharsetConverter.stringCharsetToUtf8
[       OK ] TestCharsetConverter.stringCharsetToUtf8 (0 ms)
[ RUN      ] TestCharsetConverter.isValidUtf8_1
[       OK ] TestCharsetConverter.isValidUtf8_1 (0 ms)
[ RUN      ] TestCharsetConverter.isValidUtf8_2
[       OK ] TestCharsetConverter.isValidUtf8_2 (0 ms)
[ RUN      ] TestCharsetConverter.isValidUtf8_3
[       OK ] TestCharsetConverter.isValidUtf8_3 (0 ms)
[ RUN      ] TestCharsetConverter.isValidUtf8_4
[       OK ] TestCharsetConverter.isValidUtf8_4 (0 ms)
[ RUN      ] TestCharsetConverter.wToUTF8
[       OK ] TestCharsetConverter.wToUTF8 (0 ms)
[ RUN      ] TestCharsetConverter.utf8logicalToVisualBiDi
[       OK ] TestCharsetConverter.utf8logicalToVisualBiDi (0 ms)
[ RUN      ] TestCharsetConverter.getCharsetLabels
[       OK ] TestCharsetConverter.getCharsetLabels (0 ms)
[ RUN      ] TestCharsetConverter.getCharsetLabelByName
[       OK ] TestCharsetConverter.getCharsetLabelByName (0 ms)
[ RUN      ] TestCharsetConverter.getCharsetNameByLabel
[       OK ] TestCharsetConverter.getCharsetNameByLabel (0 ms)
[ RUN      ] TestCharsetConverter.unknownToUTF8_1
[       OK ] TestCharsetConverter.unknownToUTF8_1 (0 ms)
[ RUN      ] TestCharsetConverter.unknownToUTF8_2
[       OK ] TestCharsetConverter.unknownToUTF8_2 (0 ms)
[ RUN      ] TestCharsetConverter.toW
[       OK ] TestCharsetConverter.toW (0 ms)
[ RUN      ] TestCharsetConverter.fromW
[       OK ] TestCharsetConverter.fromW (0 ms)
[----------] 20 tests from TestCharsetConverter (0 ms total)

[----------] 1 test from TestBitstreamStats
[ RUN      ] TestBitstreamStats.General
[       OK ] TestBitstreamStats.General (2700 ms)
[----------] 1 test from TestBitstreamStats (2700 ms total)

[----------] 8 tests from TestBase64
[ RUN      ] TestBase64.Encode_1
[       OK ] TestBase64.Encode_1 (0 ms)
[ RUN      ] TestBase64.Encode_2
[       OK ] TestBase64.Encode_2 (0 ms)
[ RUN      ] TestBase64.Encode_3
[       OK ] TestBase64.Encode_3 (0 ms)
[ RUN      ] TestBase64.Encode_4
[       OK ] TestBase64.Encode_4 (0 ms)
[ RUN      ] TestBase64.Decode_1
[       OK ] TestBase64.Decode_1 (0 ms)
[ RUN      ] TestBase64.Decode_2
[       OK ] TestBase64.Decode_2 (0 ms)
[ RUN      ] TestBase64.Decode_3
[       OK ] TestBase64.Decode_3 (0 ms)
[ RUN      ] TestBase64.Decode_4
[       OK ] TestBase64.Decode_4 (0 ms)
[----------] 8 tests from TestBase64 (0 ms total)

[----------] 1 test from TestArtUtils
[ RUN      ] TestArtUtils.GetTbnStack
[       OK ] TestArtUtils.GetTbnStack (0 ms)
[----------] 1 test from TestArtUtils (0 ms total)

[----------] 18 tests from TestArchive
[ RUN      ] TestArchive.IsStoring
[       OK ] TestArchive.IsStoring (0 ms)
[ RUN      ] TestArchive.IsLoading
[       OK ] TestArchive.IsLoading (0 ms)
[ RUN      ] TestArchive.FloatArchive
[       OK ] TestArchive.FloatArchive (0 ms)
[ RUN      ] TestArchive.DoubleArchive
[       OK ] TestArchive.DoubleArchive (0 ms)
[ RUN      ] TestArchive.IntegerArchive
[       OK ] TestArchive.IntegerArchive (0 ms)
[ RUN      ] TestArchive.UnsignedIntegerArchive
[       OK ] TestArchive.UnsignedIntegerArchive (0 ms)
[ RUN      ] TestArchive.Int64tArchive
[       OK ] TestArchive.Int64tArchive (0 ms)
[ RUN      ] TestArchive.UInt64tArchive
[       OK ] TestArchive.UInt64tArchive (0 ms)
[ RUN      ] TestArchive.BoolArchive
[       OK ] TestArchive.BoolArchive (0 ms)
[ RUN      ] TestArchive.CharArchive
[       OK ] TestArchive.CharArchive (0 ms)
[ RUN      ] TestArchive.WStringArchive
[       OK ] TestArchive.WStringArchive (0 ms)
[ RUN      ] TestArchive.StringArchive
[       OK ] TestArchive.StringArchive (0 ms)
[ RUN      ] TestArchive.SystemTimeArchive
[       OK ] TestArchive.SystemTimeArchive (0 ms)
[ RUN      ] TestArchive.CVariantArchive
[       OK ] TestArchive.CVariantArchive (0 ms)
[ RUN      ] TestArchive.CVariantArchiveString
[       OK ] TestArchive.CVariantArchiveString (0 ms)
[ RUN      ] TestArchive.StringVectorArchive
[       OK ] TestArchive.StringVectorArchive (0 ms)
[ RUN      ] TestArchive.IntegerVectorArchive
[       OK ] TestArchive.IntegerVectorArchive (0 ms)
[ RUN      ] TestArchive.MultiTypeArchive
[       OK ] TestArchive.MultiTypeArchive (0 ms)
[----------] 18 tests from TestArchive (1 ms total)

[----------] 2 tests from TestAliasShortcutUtils
[ RUN      ] TestAliasShortcutUtils.IsAliasShortcut
[       OK ] TestAliasShortcutUtils.IsAliasShortcut (0 ms)
[ RUN      ] TestAliasShortcutUtils.TranslateAliasShortcut
[       OK ] TestAliasShortcutUtils.TranslateAliasShortcut (0 ms)
[----------] 2 tests from TestAliasShortcutUtils (0 ms total)

[----------] 1 test from TestAlarmClock
[ RUN      ] TestAlarmClock.General
[       OK ] TestAlarmClock.General (0 ms)
[----------] 1 test from TestAlarmClock (0 ms total)

[----------] 26 tests from ListFormatter
[ RUN      ] ListFormatter.Empty_ReturnsEmpty
[       OK ] ListFormatter.Empty_ReturnsEmpty (0 ms)
[ RUN      ] ListFormatter.SingleItem_IsIsolated
[       OK ] ListFormatter.SingleItem_IsIsolated (0 ms)
[ RUN      ] ListFormatter.Arabic_And_TwoItems
[       OK ] ListFormatter.Arabic_And_TwoItems (0 ms)
[ RUN      ] ListFormatter.Arabic_And_ThreeItems_LogicalOrderWithIsolates
[       OK ] ListFormatter.Arabic_And_ThreeItems_LogicalOrderWithIsolates (0 ms)
[ RUN      ] ListFormatter.MixedDirection_EachItemIsolated
[       OK ] ListFormatter.MixedDirection_EachItemIsolated (0 ms)
[ RUN      ] ListFormatter.IsolationDisabled_NoMarkers
[       OK ] ListFormatter.IsolationDisabled_NoMarkers (0 ms)
[ RUN      ] ListFormatter.IsolationCountMatchesItemCount
[       OK ] ListFormatter.IsolationCountMatchesItemCount (0 ms)
[ RUN      ] ListFormatter.ConjunctionIsNotIsolated
[       OK ] ListFormatter.ConjunctionIsNotIsolated (0 ms)
[ RUN      ] ListFormatter.ItemContainingPlaceholderIsNotReExpanded
[       OK ] ListFormatter.ItemContainingPlaceholderIsNotReExpanded (0 ms)
[ RUN      ] ListFormatter.Units_NoConjunction_StillIsolates
[       OK ] ListFormatter.Units_NoConjunction_StillIsolates (0 ms)
[ RUN      ] ListFormatter.CreateInstance_FallbackEnglish_And
[       OK ] ListFormatter.CreateInstance_FallbackEnglish_And (0 ms)
[ RUN      ] ListFormatter.CreateInstance_FallbackEnglish_Or
[       OK ] ListFormatter.CreateInstance_FallbackEnglish_Or (0 ms)
[ RUN      ] ListFormatter.CreateInstance_Units_FallbackEnglish
[       OK ] ListFormatter.CreateInstance_Units_FallbackEnglish (0 ms)
[ RUN      ] ListFormatter.CreateInstance_Units_UsesLocalizedSeparator
[       OK ] ListFormatter.CreateInstance_Units_UsesLocalizedSeparator (0 ms)
[ RUN      ] ListFormatter.CreateInstance_Units_StartAndMiddleCanDiffer
[       OK ] ListFormatter.CreateInstance_Units_StartAndMiddleCanDiffer (0 ms)
[ RUN      ] ListFormatter.CreateInstance_ReadsLocalizedRtlPattern
[       OK ] ListFormatter.CreateInstance_ReadsLocalizedRtlPattern (0 ms)
[ RUN      ] ListFormatter.English_SingleItem_IsIsolated
[       OK ] ListFormatter.English_SingleItem_IsIsolated (0 ms)
[ RUN      ] ListFormatter.English_And_TwoItems
[       OK ] ListFormatter.English_And_TwoItems (0 ms)
[ RUN      ] ListFormatter.English_And_ThreeItems
[       OK ] ListFormatter.English_And_ThreeItems (0 ms)
[ RUN      ] ListFormatter.English_And_FourItems_DocExample
[       OK ] ListFormatter.English_And_FourItems_DocExample (0 ms)
[ RUN      ] ListFormatter.English_And_FourItems_DocExample_NoIsolation
[       OK ] ListFormatter.English_And_FourItems_DocExample_NoIsolation (0 ms)
[ RUN      ] ListFormatter.English_Or_ThreeItems
[       OK ] ListFormatter.English_Or_ThreeItems (0 ms)
[ RUN      ] ListFormatter.French_And_LocalizedConjunction
[       OK ] ListFormatter.French_And_LocalizedConjunction (0 ms)
[ RUN      ] ListFormatter.Ltr_WithEmbeddedRtlItem_EachItemIsolated
[       OK ] ListFormatter.Ltr_WithEmbeddedRtlItem_EachItemIsolated (0 ms)
[ RUN      ] ListFormatter.StartMiddleEnd_AppliedAtCorrectPositions
[       OK ] ListFormatter.StartMiddleEnd_AppliedAtCorrectPositions (0 ms)
[ RUN      ] ListFormatter.IsolateMarkers_AreCorrectCodepoints
[       OK ] ListFormatter.IsolateMarkers_AreCorrectCodepoints (0 ms)
[----------] 26 tests from ListFormatter (0 ms total)

[----------] 5 tests from TestI18nIso639_2
[ RUN      ] TestI18nIso639_2.LookupByCode1
[       OK ] TestI18nIso639_2.LookupByCode1 (0 ms)
[ RUN      ] TestI18nIso639_2.LookupByCode2
[       OK ] TestI18nIso639_2.LookupByCode2 (0 ms)
[ RUN      ] TestI18nIso639_2.LookupByName
[       OK ] TestI18nIso639_2.LookupByName (0 ms)
[ RUN      ] TestI18nIso639_2.TCodeToBCode
[       OK ] TestI18nIso639_2.TCodeToBCode (0 ms)
[ RUN      ] TestI18nIso639_2.BCodeToTCode
[       OK ] TestI18nIso639_2.BCodeToTCode (0 ms)
[----------] 5 tests from TestI18nIso639_2 (0 ms total)

[----------] 3 tests from TestI18nIso639_1
[ RUN      ] TestI18nIso639_1.LookupByCode1
[       OK ] TestI18nIso639_1.LookupByCode1 (0 ms)
[ RUN      ] TestI18nIso639_1.LookupByCode2
[       OK ] TestI18nIso639_1.LookupByCode2 (0 ms)
[ RUN      ] TestI18nIso639_1.LookupByName
[       OK ] TestI18nIso639_1.LookupByName (0 ms)
[----------] 3 tests from TestI18nIso639_1 (0 ms total)

[----------] 4 tests from TestI18nIso3166_1
[ RUN      ] TestI18nIso3166_1.Alpha2ToAlpha3
[       OK ] TestI18nIso3166_1.Alpha2ToAlpha3 (0 ms)
[ RUN      ] TestI18nIso3166_1.Alpha3ToAlpha2
[       OK ] TestI18nIso3166_1.Alpha3ToAlpha2 (0 ms)
[ RUN      ] TestI18nIso3166_1.ContainsAlpha3
[       OK ] TestI18nIso3166_1.ContainsAlpha3 (0 ms)
[ RUN      ] TestI18nIso3166_1.LookupByCode
[       OK ] TestI18nIso3166_1.LookupByCode (0 ms)
[----------] 4 tests from TestI18nIso3166_1 (0 ms total)

[----------] 1 test from TestI18nBcp47Formatter
[ RUN      ] TestI18nBcp47Formatter.ShortestDesc
[       OK ] TestI18nBcp47Formatter.ShortestDesc (0 ms)
[----------] 1 test from TestI18nBcp47Formatter (0 ms total)

[----------] 5 tests from TestI18nBcp47
[ RUN      ] TestI18nBcp47.Canonicalize
[       OK ] TestI18nBcp47.Canonicalize (0 ms)
[ RUN      ] TestI18nBcp47.CanonicalizeReplacesDeprecatedLanguages
[       OK ] TestI18nBcp47.CanonicalizeReplacesDeprecatedLanguages (0 ms)
[ RUN      ] TestI18nBcp47.CanonicalizeReplacesDeprecatedRegions
[       OK ] TestI18nBcp47.CanonicalizeReplacesDeprecatedRegions (0 ms)
[ RUN      ] TestI18nBcp47.CanonicalizeRefreshesTheRegistryDescriptions
[       OK ] TestI18nBcp47.CanonicalizeRefreshesTheRegistryDescriptions (0 ms)
[ RUN      ] TestI18nBcp47.RegistryDI
[       OK ] TestI18nBcp47.RegistryDI (0 ms)
[----------] 5 tests from TestI18nBcp47 (0 ms total)

[----------] 1 test from TestI18nSubTagsCollectionTyped/0, where TypeParam = KODI::UTILS::I18N::LanguageSubTag
[ RUN      ] TestI18nSubTagsCollectionTyped/0.EmplaceRecords
[       OK ] TestI18nSubTagsCollectionTyped/0.EmplaceRecords (0 ms)
[----------] 1 test from TestI18nSubTagsCollectionTyped/0 (0 ms total)

[----------] 1 test from TestI18nSubTagsCollectionTyped/1, where TypeParam = KODI::UTILS::I18N::ExtLangSubTag
[ RUN      ] TestI18nSubTagsCollectionTyped/1.EmplaceRecords
[       OK ] TestI18nSubTagsCollectionTyped/1.EmplaceRecords (0 ms)
[----------] 1 test from TestI18nSubTagsCollectionTyped/1 (0 ms total)

[----------] 1 test from TestI18nSubTagsCollectionTyped/2, where TypeParam = KODI::UTILS::I18N::ScriptSubTag
[ RUN      ] TestI18nSubTagsCollectionTyped/2.EmplaceRecords
[       OK ] TestI18nSubTagsCollectionTyped/2.EmplaceRecords (0 ms)
[----------] 1 test from TestI18nSubTagsCollectionTyped/2 (0 ms total)

[----------] 1 test from TestI18nSubTagsCollectionTyped/3, where TypeParam = KODI::UTILS::I18N::RegionSubTag
[ RUN      ] TestI18nSubTagsCollectionTyped/3.EmplaceRecords
[       OK ] TestI18nSubTagsCollectionTyped/3.EmplaceRecords (0 ms)
[----------] 1 test from TestI18nSubTagsCollectionTyped/3 (0 ms total)

[----------] 1 test from TestI18nSubTagsCollectionTyped/4, where TypeParam = KODI::UTILS::I18N::VariantSubTag
[ RUN      ] TestI18nSubTagsCollectionTyped/4.EmplaceRecords
[       OK ] TestI18nSubTagsCollectionTyped/4.EmplaceRecords (0 ms)
[----------] 1 test from TestI18nSubTagsCollectionTyped/4 (0 ms total)

[----------] 1 test from TestI18nSubTagsCollectionTyped/5, where TypeParam = KODI::UTILS::I18N::GrandfatheredTag
[ RUN      ] TestI18nSubTagsCollectionTyped/5.EmplaceRecords
[       OK ] TestI18nSubTagsCollectionTyped/5.EmplaceRecords (0 ms)
[----------] 1 test from TestI18nSubTagsCollectionTyped/5 (0 ms total)

[----------] 1 test from TestI18nSubTagsCollectionTyped/6, where TypeParam = KODI::UTILS::I18N::RedundantTag
[ RUN      ] TestI18nSubTagsCollectionTyped/6.EmplaceRecords
[       OK ] TestI18nSubTagsCollectionTyped/6.EmplaceRecords (0 ms)
[----------] 1 test from TestI18nSubTagsCollectionTyped/6 (0 ms total)

[----------] 1 test from TestI18nSubTagsCollection
[ RUN      ] TestI18nSubTagsCollection.Reset
[       OK ] TestI18nSubTagsCollection.Reset (0 ms)
[----------] 1 test from TestI18nSubTagsCollection (0 ms total)

[----------] 1 test from TestI18nRegistryTypesTyped/0, where TypeParam = KODI::UTILS::I18N::ScriptSubTag
[ RUN      ] TestI18nRegistryTypesTyped/0.Load
[       OK ] TestI18nRegistryTypesTyped/0.Load (0 ms)
[----------] 1 test from TestI18nRegistryTypesTyped/0 (0 ms total)

[----------] 1 test from TestI18nRegistryTypesTyped/1, where TypeParam = KODI::UTILS::I18N::RegionSubTag
[ RUN      ] TestI18nRegistryTypesTyped/1.Load
[       OK ] TestI18nRegistryTypesTyped/1.Load (0 ms)
[----------] 1 test from TestI18nRegistryTypesTyped/1 (0 ms total)

[----------] 1 test from TestI18nRegistryTypesTyped/2, where TypeParam = KODI::UTILS::I18N::GrandfatheredTag
[ RUN      ] TestI18nRegistryTypesTyped/2.Load
[       OK ] TestI18nRegistryTypesTyped/2.Load (0 ms)
[----------] 1 test from TestI18nRegistryTypesTyped/2 (0 ms total)

[----------] 1 test from TestI18nRegistryTypesTyped/3, where TypeParam = KODI::UTILS::I18N::RedundantTag
[ RUN      ] TestI18nRegistryTypesTyped/3.Load
[       OK ] TestI18nRegistryTypesTyped/3.Load (0 ms)
[----------] 1 test from TestI18nRegistryTypesTyped/3 (0 ms total)

[----------] 4 tests from TestI18nRegistryTypes
[ RUN      ] TestI18nRegistryTypes.LoadLanguageSubTag
[       OK ] TestI18nRegistryTypes.LoadLanguageSubTag (0 ms)
[ RUN      ] TestI18nRegistryTypes.LoadExtLangSubTag
[       OK ] TestI18nRegistryTypes.LoadExtLangSubTag (0 ms)
[ RUN      ] TestI18nRegistryTypes.LoadVariantSubTag
[       OK ] TestI18nRegistryTypes.LoadVariantSubTag (0 ms)
[ RUN      ] TestI18nRegistryTypes.LoadFailure
[       OK ] TestI18nRegistryTypes.LoadFailure (0 ms)
[----------] 4 tests from TestI18nRegistryTypes (0 ms total)

[----------] 11 tests from TestI18nRegistryManager
[ RUN      ] TestI18nRegistryManager.LanguageSubTag
[       OK ] TestI18nRegistryManager.LanguageSubTag (0 ms)
[ RUN      ] TestI18nRegistryManager.ExtLangSubTag
[       OK ] TestI18nRegistryManager.ExtLangSubTag (0 ms)
[ RUN      ] TestI18nRegistryManager.ScriptSubTag
[       OK ] TestI18nRegistryManager.ScriptSubTag (0 ms)
[ RUN      ] TestI18nRegistryManager.RegionSubTag
[       OK ] TestI18nRegistryManager.RegionSubTag (0 ms)
[ RUN      ] TestI18nRegistryManager.VariantSubTag
[       OK ] TestI18nRegistryManager.VariantSubTag (0 ms)
[ RUN      ] TestI18nRegistryManager.GrandfatheredTag
[       OK ] TestI18nRegistryManager.GrandfatheredTag (0 ms)
[ RUN      ] TestI18nRegistryManager.RedundantTag
[       OK ] TestI18nRegistryManager.RedundantTag (0 ms)
[ RUN      ] TestI18nRegistryManager.InvalidSubTag1
[       OK ] TestI18nRegistryManager.InvalidSubTag1 (0 ms)
[ RUN      ] TestI18nRegistryManager.InvalidSubTag2
[       OK ] TestI18nRegistryManager.InvalidSubTag2 (0 ms)
[ RUN      ] TestI18nRegistryManager.DuplicateSubTag
[       OK ] TestI18nRegistryManager.DuplicateSubTag (0 ms)
[ RUN      ] TestI18nRegistryManager.LoadFile
[       OK ] TestI18nRegistryManager.LoadFile (0 ms)
[----------] 11 tests from TestI18nRegistryManager (0 ms total)

[----------] 13 tests from TestI18nRegistryFile
[ RUN      ] TestI18nRegistryFile.Read
[       OK ] TestI18nRegistryFile.Read (0 ms)
[ RUN      ] TestI18nRegistryFile.ReadMissing
[       OK ] TestI18nRegistryFile.ReadMissing (0 ms)
[ RUN      ] TestI18nRegistryFile.ReadInvalid1
[       OK ] TestI18nRegistryFile.ReadInvalid1 (0 ms)
[ RUN      ] TestI18nRegistryFile.ReadInvalid2
[       OK ] TestI18nRegistryFile.ReadInvalid2 (0 ms)
[ RUN      ] TestI18nRegistryFile.Type
[       OK ] TestI18nRegistryFile.Type (0 ms)
[ RUN      ] TestI18nRegistryFile.Scope
[       OK ] TestI18nRegistryFile.Scope (0 ms)
[ RUN      ] TestI18nRegistryFile.DateValid
[       OK ] TestI18nRegistryFile.DateValid (0 ms)
[ RUN      ] TestI18nRegistryFile.Strings
[       OK ] TestI18nRegistryFile.Strings (0 ms)
[ RUN      ] TestI18nRegistryFile.ParseRecords1
[       OK ] TestI18nRegistryFile.ParseRecords1 (0 ms)
[ RUN      ] TestI18nRegistryFile.ParseRecords2
[       OK ] TestI18nRegistryFile.ParseRecords2 (0 ms)
[ RUN      ] TestI18nRegistryFile.LineEndingsCrLf
[       OK ] TestI18nRegistryFile.LineEndingsCrLf (0 ms)
[ RUN      ] TestI18nRegistryFile.LineEndingsLf
[       OK ] TestI18nRegistryFile.LineEndingsLf (0 ms)
[ RUN      ] TestI18nRegistryFile.CasePreservation
[       OK ] TestI18nRegistryFile.CasePreservation (0 ms)
[----------] 13 tests from TestI18nRegistryFile (0 ms total)

[----------] 5 tests from TestI18nSubTagLoader
[ RUN      ] TestI18nSubTagLoader.BaseSubTag
[       OK ] TestI18nSubTagLoader.BaseSubTag (0 ms)
[ RUN      ] TestI18nSubTagLoader.LanguageSubTag
[       OK ] TestI18nSubTagLoader.LanguageSubTag (0 ms)
[ RUN      ] TestI18nSubTagLoader.ExtLangSubTag
[       OK ] TestI18nSubTagLoader.ExtLangSubTag (0 ms)
[ RUN      ] TestI18nSubTagLoader.DerivedBaseSubTag
[       OK ] TestI18nSubTagLoader.DerivedBaseSubTag (0 ms)
[ RUN      ] TestI18nSubTagLoader.VariantSubTag
[       OK ] TestI18nSubTagLoader.VariantSubTag (0 ms)
[----------] 5 tests from TestI18nSubTagLoader (0 ms total)

[----------] 4 tests from TestEndTime
[ RUN      ] TestEndTime.DefaultConstructor
[       OK ] TestEndTime.DefaultConstructor (100 ms)
[ RUN      ] TestEndTime.ExplicitConstructor
[       OK ] TestEndTime.ExplicitConstructor (100 ms)
[ RUN      ] TestEndTime.DoubleMicroSeconds
[       OK ] TestEndTime.DoubleMicroSeconds (100 ms)
[ RUN      ] TestEndTime.SteadyClockDuration
[       OK ] TestEndTime.SteadyClockDuration (100 ms)
[----------] 4 tests from TestEndTime (400 ms total)

[----------] 1 test from TestCritSection
[ RUN      ] TestCritSection.General
[       OK ] TestCritSection.General (0 ms)
[----------] 1 test from TestCritSection (0 ms total)

[----------] 3 tests from TestSharedSection
[ RUN      ] TestSharedSection.General
[       OK ] TestSharedSection.General (0 ms)
[ RUN      ] TestSharedSection.GetSharedLockWhileTryingExclusiveLock
[       OK ] TestSharedSection.GetSharedLockWhileTryingExclusiveLock (21 ms)
[ RUN      ] TestSharedSection.TwoCase
[       OK ] TestSharedSection.TwoCase (21 ms)
[----------] 3 tests from TestSharedSection (42 ms total)

[----------] 1 test from TestMultipleSharedSection
[ RUN      ] TestMultipleSharedSection.General
[       OK ] TestMultipleSharedSection.General (21 ms)
[----------] 1 test from TestMultipleSharedSection (21 ms total)

[----------] 14 tests from TestEvent
[ RUN      ] TestEvent.General
[       OK ] TestEvent.General (0 ms)
[ RUN      ] TestEvent.TwoWaits
[       OK ] TestEvent.TwoWaits (0 ms)
[ RUN      ] TestEvent.TimedWaits
[       OK ] TestEvent.TimedWaits (0 ms)
[ RUN      ] TestEvent.TimedWaitsTimeout
[       OK ] TestEvent.TimedWaitsTimeout (50 ms)
[ RUN      ] TestEvent.Group
[       OK ] TestEvent.Group (10 ms)
[ RUN      ] TestEvent.TwoGroups
[       OK ] TestEvent.TwoGroups (10 ms)
[ RUN      ] TestEvent.AutoResetBehavior
[       OK ] TestEvent.AutoResetBehavior (1 ms)
[ RUN      ] TestEvent.ManualReset
[       OK ] TestEvent.ManualReset (1 ms)
[ RUN      ] TestEvent.InitVal
[       OK ] TestEvent.InitVal (0 ms)
[ RUN      ] TestEvent.SimpleTimeout
[       OK ] TestEvent.SimpleTimeout (50 ms)
[ RUN      ] TestEvent.GroupChildSet
[       OK ] TestEvent.GroupChildSet (10 ms)
[ RUN      ] TestEvent.GroupChildSet2
[       OK ] TestEvent.GroupChildSet2 (10 ms)
[ RUN      ] TestEvent.GroupWaitResetsChild
[       OK ] TestEvent.GroupWaitResetsChild (1 ms)
[ RUN      ] TestEvent.GroupTimedWait
[       OK ] TestEvent.GroupTimedWait (80 ms)
[----------] 14 tests from TestEvent (226 ms total)

[----------] 2 tests from TestMassEvent
[ RUN      ] TestMassEvent.General
[       OK ] TestMassEvent.General (107 ms)
[ RUN      ] TestMassEvent.Polling
[       OK ] TestMassEvent.Polling (105 ms)
[----------] 2 tests from TestMassEvent (213 ms total)

[----------] 4 tests from TestUtil
[ RUN      ] TestUtil.GetQualifiedFilename
[       OK ] TestUtil.GetQualifiedFilename (0 ms)
[ RUN      ] TestUtil.MakeLegalPath
[       OK ] TestUtil.MakeLegalPath (0 ms)
[ RUN      ] TestUtil.MakeShortenPath
[       OK ] TestUtil.MakeShortenPath (0 ms)
[ RUN      ] TestUtil.ValidatePath
[       OK ] TestUtil.ValidatePath (0 ms)
[----------] 4 tests from TestUtil (0 ms total)

[----------] 13 tests from TestCURL
[ RUN      ] TestCURL.TestComparison
[       OK ] TestCURL.TestComparison (0 ms)
[ RUN      ] TestCURL.TestPaths
[       OK ] TestCURL.TestPaths (0 ms)
[ RUN      ] TestCURL.TestExtensions
[       OK ] TestCURL.TestExtensions (0 ms)
[ RUN      ] TestCURL.TestNFSURLWithOptions
[       OK ] TestCURL.TestNFSURLWithOptions (0 ms)
[ RUN      ] TestCURL.TestNFSURLWithoutOptions
[       OK ] TestCURL.TestNFSURLWithoutOptions (0 ms)
[ RUN      ] TestCURL.TestNFSURLWithPort
[       OK ] TestCURL.TestNFSURLWithPort (0 ms)
[ RUN      ] TestCURL.TestNFSURLWithPortAndOptions
[       OK ] TestCURL.TestNFSURLWithPortAndOptions (0 ms)
[ RUN      ] TestCURL.TestNFSURLMultipleOptions
[       OK ] TestCURL.TestNFSURLMultipleOptions (0 ms)
[ RUN      ] TestCURL.TestNFSURLWithSpecialCharacters
[       OK ] TestCURL.TestNFSURLWithSpecialCharacters (0 ms)
[ RUN      ] TestCURL.TestNFSURLReconstructed
[       OK ] TestCURL.TestNFSURLReconstructed (0 ms)
[ RUN      ] TestCURL.TestNFSURLWithIPv6
[       OK ] TestCURL.TestNFSURLWithIPv6 (0 ms)
[ RUN      ] TestCURL.TestNFSURLGetWithoutUserDetails
[       OK ] TestCURL.TestNFSURLGetWithoutUserDetails (0 ms)
[ RUN      ] TestCURL.TestNFSURLGetWithoutOptions
[       OK ] TestCURL.TestNFSURLGetWithoutOptions (0 ms)
[----------] 13 tests from TestCURL (0 ms total)

[----------] 1 test from TestURLGetWithoutOptions
[ RUN      ] TestURLGetWithoutOptions.PreserveSlashesBetweenProtocolAndPath
[       OK ] TestURLGetWithoutOptions.PreserveSlashesBetweenProtocolAndPath (0 ms)
[----------] 1 test from TestURLGetWithoutOptions (0 ms total)

[----------] 1 test from TestURL
[ RUN      ] TestURL.TestWithoutFilenameEncodingDecoding
[       OK ] TestURL.TestWithoutFilenameEncodingDecoding (0 ms)
[----------] 1 test from TestURL (0 ms total)

[----------] 4 tests from TestPlayListPlayer
[ RUN      ] TestPlayListPlayer.GetNextItemIdxFromNoCurrentItemGivesTheFirstItem
[       OK ] TestPlayListPlayer.GetNextItemIdxFromNoCurrentItemGivesTheFirstItem (0 ms)
[ RUN      ] TestPlayListPlayer.GetNextItemIdxFromNoCurrentItemGivesTheFirstItemWithRepeatOne
[       OK ] TestPlayListPlayer.GetNextItemIdxFromNoCurrentItemGivesTheFirstItemWithRepeatOne (0 ms)
[ RUN      ] TestPlayListPlayer.GetNextItemIdxWithRepeatOneRepeatsTheCurrentItem
[       OK ] TestPlayListPlayer.GetNextItemIdxWithRepeatOneRepeatsTheCurrentItem (0 ms)
[ RUN      ] TestPlayListPlayer.ClearingTheCurrentPlaylistKeepsThePlaybackStartedState
[       OK ] TestPlayListPlayer.ClearingTheCurrentPlaylistKeepsThePlaybackStartedState (0 ms)
[----------] 4 tests from TestPlayListPlayer (0 ms total)

[----------] 9 tests from TestPasswordManager
[ RUN      ] TestPasswordManager.AuthenticatesPathBelowTheRememberedShare
[       OK ] TestPasswordManager.AuthenticatesPathBelowTheRememberedShare (0 ms)
[ RUN      ] TestPasswordManager.LookupIgnoresThePort
[       OK ] TestPasswordManager.LookupIgnoresThePort (0 ms)
[ RUN      ] TestPasswordManager.FallsBackToTheServerForAnotherShare
[       OK ] TestPasswordManager.FallsBackToTheServerForAnotherShare (0 ms)
[ RUN      ] TestPasswordManager.DoesNotAuthenticateAnUnknownServer
[       OK ] TestPasswordManager.DoesNotAuthenticateAnUnknownServer (0 ms)
[ RUN      ] TestPasswordManager.DoesNotAuthenticateWithNothingRemembered
[       OK ] TestPasswordManager.DoesNotAuthenticateWithNothingRemembered (0 ms)
[ RUN      ] TestPasswordManager.DoesNotRememberAUrlWithoutAUserName
[       OK ] TestPasswordManager.DoesNotRememberAUrlWithoutAUserName (0 ms)
[ RUN      ] TestPasswordManager.SupportsTheProtocolsThatCanCarryCredentials
[       OK ] TestPasswordManager.SupportsTheProtocolsThatCanCarryCredentials (0 ms)
[ RUN      ] TestPasswordManager.AddCredentialsFillsInTheRememberedCredentials
[       OK ] TestPasswordManager.AddCredentialsFillsInTheRememberedCredentials (0 ms)
[ RUN      ] TestPasswordManager.AddCredentialsKeepsCredentialsAlreadyInTheUrl
[       OK ] TestPasswordManager.AddCredentialsKeepsCredentialsAlreadyInTheUrl (0 ms)
[----------] 9 tests from TestPasswordManager (0 ms total)

[----------] 2 tests from TestLangInfo
[ RUN      ] TestLangInfo.Load
[       OK ] TestLangInfo.Load (0 ms)
[ RUN      ] TestLangInfo.FallsBackWhenTheLanguageSettingNamesNoLanguage
[       OK ] TestLangInfo.FallsBackWhenTheLanguageSettingNamesNoLanguage (0 ms)
[----------] 2 tests from TestLangInfo (0 ms total)

[----------] 8 tests from TestFileItem
[ RUN      ] TestFileItem.TestSimplePathSet
[       OK ] TestFileItem.TestSimplePathSet (0 ms)
[ RUN      ] TestFileItem.UpdateInfoKeepsAResolvedDynPath
[       OK ] TestFileItem.UpdateInfoKeepsAResolvedDynPath (0 ms)
[ RUN      ] TestFileItem.UpdateInfoTakesADynPathTheSourceActuallyHas
[       OK ] TestFileItem.UpdateInfoTakesADynPathTheSourceActuallyHas (0 ms)
[ RUN      ] TestFileItem.MergeInfoKeepsAResolvedDynPath
[       OK ] TestFileItem.MergeInfoKeepsAResolvedDynPath (0 ms)
[ RUN      ] TestFileItem.TestLabel
[       OK ] TestFileItem.TestLabel (0 ms)
[ RUN      ] TestFileItem.TestCURLConstructor
[       OK ] TestFileItem.TestCURLConstructor (0 ms)
[ RUN      ] TestFileItem.TestAssignment
[       OK ] TestFileItem.TestAssignment (0 ms)
[ RUN      ] TestFileItem.MimeType
[       OK ] TestFileItem.MimeType (218 ms)
[----------] 8 tests from TestFileItem (219 ms total)

[----------] 2 tests from TestFileItemList
[ RUN      ] TestFileItemList.StackRecordsWhatItsPartsAre
[       OK ] TestFileItemList.StackRecordsWhatItsPartsAre (0 ms)
[ RUN      ] TestFileItemList.StackSkipsUnchangedFolders
[       OK ] TestFileItemList.StackSkipsUnchangedFolders (0 ms)
[----------] 2 tests from TestFileItemList (0 ms total)

[----------] 1 test from TestEnumerateEpisodes
[ RUN      ] TestEnumerateEpisodes.EnumerateEpisodeItemByTitle
[       OK ] TestEnumerateEpisodes.EnumerateEpisodeItemByTitle (0 ms)
[----------] 1 test from TestEnumerateEpisodes (0 ms total)

[----------] 4 tests from TestDateTimeSpan
[ RUN      ] TestDateTimeSpan.Operators
[       OK ] TestDateTimeSpan.Operators (0 ms)
[ RUN      ] TestDateTimeSpan.SetDateTimeSpan
[       OK ] TestDateTimeSpan.SetDateTimeSpan (0 ms)
[ RUN      ] TestDateTimeSpan.SetFromPeriod
[       OK ] TestDateTimeSpan.SetFromPeriod (0 ms)
[ RUN      ] TestDateTimeSpan.SetFromTimeString
[       OK ] TestDateTimeSpan.SetFromTimeString (0 ms)
[----------] 4 tests from TestDateTimeSpan (0 ms total)

[----------] 27 tests from TestDateTime
[ RUN      ] TestDateTime.DateTimeOperators
[       OK ] TestDateTime.DateTimeOperators (0 ms)
[ RUN      ] TestDateTime.FileTimeOperators
[       OK ] TestDateTime.FileTimeOperators (0 ms)
[ RUN      ] TestDateTime.SystemTimeOperators
[       OK ] TestDateTime.SystemTimeOperators (0 ms)
[ RUN      ] TestDateTime.TimeTOperators
[       OK ] TestDateTime.TimeTOperators (0 ms)
[ RUN      ] TestDateTime.TmOperators
[       OK ] TestDateTime.TmOperators (0 ms)
[ RUN      ] TestDateTime.GetCurrentDateTime
Current Date: 2026-09-09 16:14:17
[       OK ] TestDateTime.GetCurrentDateTime (0 ms)
[ RUN      ] TestDateTime.GetUTCDateTime
Current Date UTC: 2026-09-09 15:14:17
[       OK ] TestDateTime.GetUTCDateTime (0 ms)
[ RUN      ] TestDateTime.MonthStringToMonthNum
[       OK ] TestDateTime.MonthStringToMonthNum (0 ms)
[ DISABLED ] TestDateTime.DISABLED_SetFromDateString
[ RUN      ] TestDateTime.SetFromDBDate
[       OK ] TestDateTime.SetFromDBDate (0 ms)
[ RUN      ] TestDateTime.SetFromDBTime
[       OK ] TestDateTime.SetFromDBTime (0 ms)
[ RUN      ] TestDateTime.SetFromDBDateTime
[       OK ] TestDateTime.SetFromDBDateTime (0 ms)
[ RUN      ] TestDateTime.SetFromW3CDate
[       OK ] TestDateTime.SetFromW3CDate (0 ms)
[ RUN      ] TestDateTime.SetFromW3CDateTime
[       OK ] TestDateTime.SetFromW3CDateTime (0 ms)
[ RUN      ] TestDateTime.SetFromW3CDateInvalid
[       OK ] TestDateTime.SetFromW3CDateInvalid (0 ms)
[ RUN      ] TestDateTime.SetFromW3CDateTimeInvalid
[       OK ] TestDateTime.SetFromW3CDateTimeInvalid (0 ms)
[ RUN      ] TestDateTime.SetFromUTCDateTime
[       OK ] TestDateTime.SetFromUTCDateTime (0 ms)
[ RUN      ] TestDateTime.SetFromRFC1123DateTime
[       OK ] TestDateTime.SetFromRFC1123DateTime (0 ms)
[ RUN      ] TestDateTime.SetDateTime
[       OK ] TestDateTime.SetDateTime (0 ms)
[ RUN      ] TestDateTime.GetAsStrings
[       OK ] TestDateTime.GetAsStrings (0 ms)
[ RUN      ] TestDateTime.GetAsStringsWithBias
[       OK ] TestDateTime.GetAsStringsWithBias (0 ms)
[ RUN      ] TestDateTime.GetAsLocalized
[       OK ] TestDateTime.GetAsLocalized (2 ms)
[ RUN      ] TestDateTime.GetAsSystemTime
[       OK ] TestDateTime.GetAsSystemTime (0 ms)
[ RUN      ] TestDateTime.GetAsTime
[       OK ] TestDateTime.GetAsTime (0 ms)
[ RUN      ] TestDateTime.GetAsTm
[       OK ] TestDateTime.GetAsTm (0 ms)
[ RUN      ] TestDateTime.GetAsTimeStamp
[       OK ] TestDateTime.GetAsTimeStamp (0 ms)
[ RUN      ] TestDateTime.GetAsUTCDateTime
[       OK ] TestDateTime.GetAsUTCDateTime (0 ms)
[ RUN      ] TestDateTime.Reset
[       OK ] TestDateTime.Reset (0 ms)
[----------] 27 tests from TestDateTime (2 ms total)

[----------] 1 test from TestCueDocument
[ RUN      ] TestCueDocument.LoadTracks
[       OK ] TestCueDocument.LoadTracks (0 ms)
[----------] 1 test from TestCueDocument (0 ms total)

[----------] 4 tests from TestMediaSourceSettings
[ RUN      ] TestMediaSourceSettings.LoadString
[       OK ] TestMediaSourceSettings.LoadString (0 ms)
[ RUN      ] TestMediaSourceSettings.SaveString
[       OK ] TestMediaSourceSettings.SaveString (0 ms)
[ RUN      ] TestMediaSourceSettings.GetSource
[       OK ] TestMediaSourceSettings.GetSource (0 ms)
[ RUN      ] TestMediaSourceSettings.SetSources
[       OK ] TestMediaSourceSettings.SetSources (0 ms)
[----------] 4 tests from TestMediaSourceSettings (0 ms total)

[----------] 1 test from TestSettingsMigrationHelper
[ RUN      ] TestSettingsMigrationHelper.ConvertSingleSettingConverterInput
[       OK ] TestSettingsMigrationHelper.ConvertSingleSettingConverterInput (0 ms)
[----------] 1 test from TestSettingsMigrationHelper (0 ms total)

[----------] 1 test from TestSettingsMigration
[ RUN      ] TestSettingsMigration.MultipleMigrationStepsSameTarget
[       OK ] TestSettingsMigration.MultipleMigrationStepsSameTarget (0 ms)
[----------] 1 test from TestSettingsMigration (0 ms total)

[----------] 2 tests from TestSettingsManager
[ RUN      ] TestSettingsManager.ParseInvalidSettingIdentifier
[       OK ] TestSettingsManager.ParseInvalidSettingIdentifier (0 ms)
[ RUN      ] TestSettingsManager.LocateSettingNull
[       OK ] TestSettingsManager.LocateSettingNull (0 ms)
[----------] 2 tests from TestSettingsManager (0 ms total)

[----------] 25 tests from TestCaptureService
[ RUN      ] TestCaptureService.OneShotCompleteWait
[       OK ] TestCaptureService.OneShotCompleteWait (0 ms)
[ RUN      ] TestCaptureService.HandleDestructionCancels
[       OK ] TestCaptureService.HandleDestructionCancels (0 ms)
[ RUN      ] TestCaptureService.ContentFilter
[       OK ] TestCaptureService.ContentFilter (0 ms)
[ RUN      ] TestCaptureService.FailWakesWaiter
[       OK ] TestCaptureService.FailWakesWaiter (0 ms)
[ RUN      ] TestCaptureService.FailDispatchesEmptyResult
[       OK ] TestCaptureService.FailDispatchesEmptyResult (50 ms)
[ RUN      ] TestCaptureService.CallbackRunsOnWorker
[       OK ] TestCaptureService.CallbackRunsOnWorker (50 ms)
[ RUN      ] TestCaptureService.ContinuousStaysActive
[       OK ] TestCaptureService.ContinuousStaysActive (0 ms)
[ RUN      ] TestCaptureService.DetachedRequestCompletes
[       OK ] TestCaptureService.DetachedRequestCompletes (50 ms)
[ RUN      ] TestCaptureService.CancelledRequestPrunedAtLatch
[       OK ] TestCaptureService.CancelledRequestPrunedAtLatch (0 ms)
[ RUN      ] TestCaptureService.ContinuousWaitNextSeesEachComplete
[       OK ] TestCaptureService.ContinuousWaitNextSeesEachComplete (9 ms)
[ RUN      ] TestCaptureService.ContinuousFailIsTerminal
[       OK ] TestCaptureService.ContinuousFailIsTerminal (0 ms)
[ RUN      ] TestCaptureService.OneShotFailIsTerminal
[       OK ] TestCaptureService.OneShotFailIsTerminal (0 ms)
[ RUN      ] TestCaptureService.BothServedByBothTapsSameFrame
[       OK ] TestCaptureService.BothServedByBothTapsSameFrame (50 ms)
[ RUN      ] TestCaptureService.BothWithoutCallbackRefused
[       OK ] TestCaptureService.BothWithoutCallbackRefused (0 ms)
[ RUN      ] TestCaptureService.MostRecentRequestWins
[       OK ] TestCaptureService.MostRecentRequestWins (0 ms)
[ RUN      ] TestCaptureService.WaitNextFalseOnCancel
[       OK ] TestCaptureService.WaitNextFalseOnCancel (0 ms)
[ RUN      ] TestCaptureService.CopyResultLatestWins
[       OK ] TestCaptureService.CopyResultLatestWins (9 ms)
[ RUN      ] TestCaptureService.OneShotWaitNextSeesDelivery
[       OK ] TestCaptureService.OneShotWaitNextSeesDelivery (0 ms)
[ RUN      ] TestCaptureService.OneShotPreemptsContinuous
[       OK ] TestCaptureService.OneShotPreemptsContinuous (0 ms)
[ RUN      ] TestCaptureService.StackedOneShotsServeNewestFirst
[       OK ] TestCaptureService.StackedOneShotsServeNewestFirst (0 ms)
[ RUN      ] TestCaptureService.LoneContinuousDoesNotForceFrames
[       OK ] TestCaptureService.LoneContinuousDoesNotForceFrames (0 ms)
[ RUN      ] TestCaptureService.StarvedRequestTimesOutClean
[       OK ] TestCaptureService.StarvedRequestTimesOutClean (19 ms)
[ RUN      ] TestCaptureService.UnservedOneShotFailsAtFrameEnd
[       OK ] TestCaptureService.UnservedOneShotFailsAtFrameEnd (0 ms)
[ RUN      ] TestCaptureService.UnservedContinuousFailsAtFrameEnd
[       OK ] TestCaptureService.UnservedContinuousFailsAtFrameEnd (0 ms)
[ RUN      ] TestCaptureService.ServedContinuousSurvivesFrameEnd
[       OK ] TestCaptureService.ServedContinuousSurvivesFrameEnd (0 ms)
[----------] 25 tests from TestCaptureService (238 ms total)

[----------] 1 test from TestCaptureReadback
[ RUN      ] TestCaptureReadback.PackedX2BGR10ChannelOrder
[       OK ] TestCaptureReadback.PackedX2BGR10ChannelOrder (0 ms)
[----------] 1 test from TestCaptureReadback (0 ms total)

[----------] 4 tests from TestCaptureConvert
[ RUN      ] TestCaptureConvert.SDRSameSizeByteExact
[       OK ] TestCaptureConvert.SDRSameSizeByteExact (0 ms)
[ RUN      ] TestCaptureConvert.SDRStrideAwareByteExact
[       OK ] TestCaptureConvert.SDRStrideAwareByteExact (0 ms)
[ RUN      ] TestCaptureConvert.CopyBGRA8IgnoresHDRTagsNoTonemap
[       OK ] TestCaptureConvert.CopyBGRA8IgnoresHDRTagsNoTonemap (0 ms)
[ RUN      ] TestCaptureConvert.PQRampHonorsMasteringPeak
[       OK ] TestCaptureConvert.PQRampHonorsMasteringPeak (988 ms)
[----------] 4 tests from TestCaptureConvert (988 ms total)

[----------] 33 tests from TestPVRChannelsPath
[ RUN      ] TestPVRChannelsPath.Parse_Protocol
[       OK ] TestPVRChannelsPath.Parse_Protocol (0 ms)
[ RUN      ] TestPVRChannelsPath.Parse_Component_1
[       OK ] TestPVRChannelsPath.Parse_Component_1 (0 ms)
[ RUN      ] TestPVRChannelsPath.Parse_Component_2
[       OK ] TestPVRChannelsPath.Parse_Component_2 (0 ms)
[ RUN      ] TestPVRChannelsPath.Parse_Invalid_Component
[       OK ] TestPVRChannelsPath.Parse_Invalid_Component (0 ms)
[ RUN      ] TestPVRChannelsPath.Parse_TV_Root_1
[       OK ] TestPVRChannelsPath.Parse_TV_Root_1 (0 ms)
[ RUN      ] TestPVRChannelsPath.Parse_TV_Root_2
[       OK ] TestPVRChannelsPath.Parse_TV_Root_2 (0 ms)
[ RUN      ] TestPVRChannelsPath.Parse_Radio_Root_1
[       OK ] TestPVRChannelsPath.Parse_Radio_Root_1 (0 ms)
[ RUN      ] TestPVRChannelsPath.Parse_Radio_Root_2
[       OK ] TestPVRChannelsPath.Parse_Radio_Root_2 (0 ms)
[ RUN      ] TestPVRChannelsPath.Parse_Invalid_Root
[       OK ] TestPVRChannelsPath.Parse_Invalid_Root (0 ms)
[ RUN      ] TestPVRChannelsPath.Parse_TV_Group_1
[       OK ] TestPVRChannelsPath.Parse_TV_Group_1 (0 ms)
[ RUN      ] TestPVRChannelsPath.Parse_TV_Group_2
[       OK ] TestPVRChannelsPath.Parse_TV_Group_2 (0 ms)
[ RUN      ] TestPVRChannelsPath.Parse_Hidden_TV_Group
[       OK ] TestPVRChannelsPath.Parse_Hidden_TV_Group (0 ms)
[ RUN      ] TestPVRChannelsPath.Parse_Special_TV_Group
[       OK ] TestPVRChannelsPath.Parse_Special_TV_Group (0 ms)
[ RUN      ] TestPVRChannelsPath.Parse_Special_TV_Group1
[       OK ] TestPVRChannelsPath.Parse_Special_TV_Group1 (0 ms)
[ RUN      ] TestPVRChannelsPath.Parse_Invalid_Special_TV_Group
[       OK ] TestPVRChannelsPath.Parse_Invalid_Special_TV_Group (0 ms)
[ RUN      ] TestPVRChannelsPath.Parse_Radio_Group
[       OK ] TestPVRChannelsPath.Parse_Radio_Group (0 ms)
[ RUN      ] TestPVRChannelsPath.Parse_TV_Channel
[       OK ] TestPVRChannelsPath.Parse_TV_Channel (0 ms)
[ RUN      ] TestPVRChannelsPath.Parse_Invalid_TV_Channel_1
[       OK ] TestPVRChannelsPath.Parse_Invalid_TV_Channel_1 (0 ms)
[ RUN      ] TestPVRChannelsPath.Parse_Invalid_TV_Channel_2
[       OK ] TestPVRChannelsPath.Parse_Invalid_TV_Channel_2 (0 ms)
[ RUN      ] TestPVRChannelsPath.Parse_Invalid_TV_Channel_3
[       OK ] TestPVRChannelsPath.Parse_Invalid_TV_Channel_3 (0 ms)
[ RUN      ] TestPVRChannelsPath.Parse_Invalid_TV_Channel_4
[       OK ] TestPVRChannelsPath.Parse_Invalid_TV_Channel_4 (0 ms)
[ RUN      ] TestPVRChannelsPath.Parse_Invalid_TV_Channel_5
[       OK ] TestPVRChannelsPath.Parse_Invalid_TV_Channel_5 (0 ms)
[ RUN      ] TestPVRChannelsPath.Parse_Invalid_TV_Channel_6
[       OK ] TestPVRChannelsPath.Parse_Invalid_TV_Channel_6 (0 ms)
[ RUN      ] TestPVRChannelsPath.Parse_Invalid_TV_Channel_7
[       OK ] TestPVRChannelsPath.Parse_Invalid_TV_Channel_7 (0 ms)
[ RUN      ] TestPVRChannelsPath.Parse_Invalid_TV_Channel_8
[       OK ] TestPVRChannelsPath.Parse_Invalid_TV_Channel_8 (0 ms)
[ RUN      ] TestPVRChannelsPath.Parse_Invalid_TV_Channel_9
[       OK ] TestPVRChannelsPath.Parse_Invalid_TV_Channel_9 (0 ms)
[ RUN      ] TestPVRChannelsPath.TV_Channelgroup
[       OK ] TestPVRChannelsPath.TV_Channelgroup (0 ms)
[ RUN      ] TestPVRChannelsPath.Radio_Channelgroup
[       OK ] TestPVRChannelsPath.Radio_Channelgroup (0 ms)
[ RUN      ] TestPVRChannelsPath.Hidden_TV_Channelgroup
[       OK ] TestPVRChannelsPath.Hidden_TV_Channelgroup (0 ms)
[ RUN      ] TestPVRChannelsPath.Hidden_Radio_Channelgroup
[       OK ] TestPVRChannelsPath.Hidden_Radio_Channelgroup (0 ms)
[ RUN      ] TestPVRChannelsPath.TV_Channel
[       OK ] TestPVRChannelsPath.TV_Channel (0 ms)
[ RUN      ] TestPVRChannelsPath.Radio_Channel
[       OK ] TestPVRChannelsPath.Radio_Channel (0 ms)
[ RUN      ] TestPVRChannelsPath.Operator_Equals
[       OK ] TestPVRChannelsPath.Operator_Equals (0 ms)
[----------] 33 tests from TestPVRChannelsPath (0 ms total)

[----------] 1 test from TestPlayListXSPF
[ RUN      ] TestPlayListXSPF.Load
[       OK ] TestPlayListXSPF.Load (0 ms)
[----------] 1 test from TestPlayListXSPF (0 ms total)

[----------] 1 test from TestPlayListXML
[ RUN      ] TestPlayListXML.LoadData
[       OK ] TestPlayListXML.LoadData (0 ms)
[----------] 1 test from TestPlayListXML (0 ms total)

[----------] 1 test from TestPlayListWPL
[ RUN      ] TestPlayListWPL.LoadData
[       OK ] TestPlayListWPL.LoadData (0 ms)
[----------] 1 test from TestPlayListWPL (0 ms total)

[----------] 1 test from TestPlayListFileItemClassify
[ RUN      ] TestPlayListFileItemClassify.IsSmartPlayList
[       OK ] TestPlayListFileItemClassify.IsSmartPlayList (0 ms)
[----------] 1 test from TestPlayListFileItemClassify (0 ms total)

[----------] 1 test from TestPlayListFactory
[ RUN      ] TestPlayListFactory.XSPF
[       OK ] TestPlayListFactory.XSPF (0 ms)
[----------] 1 test from TestPlayListFactory (0 ms total)

[----------] 1 test from TestPlayListB4S
[ RUN      ] TestPlayListB4S.LoadData
[       OK ] TestPlayListB4S.LoadData (0 ms)
[----------] 1 test from TestPlayListB4S (0 ms total)

[----------] 1 test from TestPlayListASX
[ RUN      ] TestPlayListASX.LoadData
[       OK ] TestPlayListASX.LoadData (0 ms)
[----------] 1 test from TestPlayListASX (0 ms total)

[----------] 2 tests from TestMetadataExtraction
[ RUN      ] TestMetadataExtraction.TestGPSImage
[       OK ] TestMetadataExtraction.TestGPSImage (1 ms)
[ RUN      ] TestMetadataExtraction.TestIPTC
[       OK ] TestMetadataExtraction.TestIPTC (0 ms)
[----------] 2 tests from TestMetadataExtraction (1 ms total)

[----------] 31 tests from TestWebServer
[ RUN      ] TestWebServer.IsStarted
[       OK ] TestWebServer.IsStarted (0 ms)
[ RUN      ] TestWebServer.ReportsThePortAssignedByTheOperatingSystem
[       OK ] TestWebServer.ReportsThePortAssignedByTheOperatingSystem (0 ms)
[ RUN      ] TestWebServer.TwoServersDoNotShareAPort
[       OK ] TestWebServer.TwoServersDoNotShareAPort (0 ms)
[ RUN      ] TestWebServer.CanGetJsonRpcApiDescriptionWithHttpGet
[       OK ] TestWebServer.CanGetJsonRpcApiDescriptionWithHttpGet (1 ms)
[ RUN      ] TestWebServer.CanReadDataOverJsonRpcWithHttpGet
[       OK ] TestWebServer.CanReadDataOverJsonRpcWithHttpGet (11 ms)
[ RUN      ] TestWebServer.CannotModifyOverJsonRpcWithHttpGet
[       OK ] TestWebServer.CannotModifyOverJsonRpcWithHttpGet (10 ms)
[ RUN      ] TestWebServer.CanReadDataOverJsonRpcWithHttpPost
[       OK ] TestWebServer.CanReadDataOverJsonRpcWithHttpPost (7 ms)
[ RUN      ] TestWebServer.CanModifyOverJsonRpcWithHttpPost
[       OK ] TestWebServer.CanModifyOverJsonRpcWithHttpPost (8 ms)
[ RUN      ] TestWebServer.CanNotHeadNonExistingFile
[       OK ] TestWebServer.CanNotHeadNonExistingFile (0 ms)
[ RUN      ] TestWebServer.CanHeadFile
[       OK ] TestWebServer.CanHeadFile (0 ms)
[ RUN      ] TestWebServer.CanNotGetNonExistingFile
[       OK ] TestWebServer.CanNotGetNonExistingFile (0 ms)
[ RUN      ] TestWebServer.CanGetFile
[       OK ] TestWebServer.CanGetFile (0 ms)
[ RUN      ] TestWebServer.CanGetFileForcingNoCache
[       OK ] TestWebServer.CanGetFileForcingNoCache (1 ms)
[ RUN      ] TestWebServer.CanGetCachedFileWithOlderIfModifiedSince
[       OK ] TestWebServer.CanGetCachedFileWithOlderIfModifiedSince (0 ms)
[ RUN      ] TestWebServer.CanGetCachedFileWithExactIfModifiedSince
[       OK ] TestWebServer.CanGetCachedFileWithExactIfModifiedSince (0 ms)
[ RUN      ] TestWebServer.CanGetCachedFileWithNewerIfModifiedSince
[       OK ] TestWebServer.CanGetCachedFileWithNewerIfModifiedSince (0 ms)
[ RUN      ] TestWebServer.CanGetCachedFileWithNewerIfModifiedSinceForcingNoCache
[       OK ] TestWebServer.CanGetCachedFileWithNewerIfModifiedSinceForcingNoCache (0 ms)
[ RUN      ] TestWebServer.CanGetCachedFileWithOlderIfUnmodifiedSince
[       OK ] TestWebServer.CanGetCachedFileWithOlderIfUnmodifiedSince (0 ms)
[ RUN      ] TestWebServer.CanGetCachedFileWithExactIfUnmodifiedSince
[       OK ] TestWebServer.CanGetCachedFileWithExactIfUnmodifiedSince (0 ms)
[ RUN      ] TestWebServer.CanGetCachedFileWithNewerIfUnmodifiedSince
[       OK ] TestWebServer.CanGetCachedFileWithNewerIfUnmodifiedSince (0 ms)
[ RUN      ] TestWebServer.CanGetRangedFileRange0_
[       OK ] TestWebServer.CanGetRangedFileRange0_ (0 ms)
[ RUN      ] TestWebServer.CanGetRangedFileRange0_End
[       OK ] TestWebServer.CanGetRangedFileRange0_End (0 ms)
[ RUN      ] TestWebServer.CanGetRangedFileRange0_2xEnd
[       OK ] TestWebServer.CanGetRangedFileRange0_2xEnd (0 ms)
[ RUN      ] TestWebServer.CanGetRangedFileRange0_First
[       OK ] TestWebServer.CanGetRangedFileRange0_First (0 ms)
[ RUN      ] TestWebServer.CanGetRangedFileRangeFirst_Second
[       OK ] TestWebServer.CanGetRangedFileRangeFirst_Second (0 ms)
[ RUN      ] TestWebServer.CanGetRangedFileRange_Last
[       OK ] TestWebServer.CanGetRangedFileRange_Last (0 ms)
[ RUN      ] TestWebServer.CanGetRangedFileRangeFirstSecond
[       OK ] TestWebServer.CanGetRangedFileRangeFirstSecond (0 ms)
[ RUN      ] TestWebServer.CanGetRangedFileRangeFirstSecondLast
[       OK ] TestWebServer.CanGetRangedFileRangeFirstSecondLast (0 ms)
[ RUN      ] TestWebServer.CanGetCachedRangedFileWithOlderIfRange
[       OK ] TestWebServer.CanGetCachedRangedFileWithOlderIfRange (0 ms)
[ RUN      ] TestWebServer.CanGetCachedRangedFileWithExactIfRange
[       OK ] TestWebServer.CanGetCachedRangedFileWithExactIfRange (0 ms)
[ RUN      ] TestWebServer.CanGetCachedRangedFileWithNewerIfRange
[       OK ] TestWebServer.CanGetCachedRangedFileWithNewerIfRange (0 ms)
[----------] 31 tests from TestWebServer (51 ms total)

[----------] 3 tests from TestWebServerAuth
[ RUN      ] TestWebServerAuth.GetMimeTypeReturnsTheCorrectType
[       OK ] TestWebServerAuth.GetMimeTypeReturnsTheCorrectType (0 ms)
[ RUN      ] TestWebServerAuth.GetContentTypeReturnsTheCorrectType
[       OK ] TestWebServerAuth.GetContentTypeReturnsTheCorrectType (0 ms)
[ RUN      ] TestWebServerAuth.CanStatWithStoredCredentials
[       OK ] TestWebServerAuth.CanStatWithStoredCredentials (0 ms)
[----------] 3 tests from TestWebServerAuth (1 ms total)

[----------] 2 tests from TestNetworkWorkFileItemClassify
[ RUN      ] TestNetworkWorkFileItemClassify.InternetStreamStacks
[       OK ] TestNetworkWorkFileItemClassify.InternetStreamStacks (0 ms)
[ RUN      ] TestNetworkWorkFileItemClassify.StreamedFilesystemStacks
[       OK ] TestNetworkWorkFileItemClassify.StreamedFilesystemStacks (0 ms)
[----------] 2 tests from TestNetworkWorkFileItemClassify (0 ms total)

[----------] 1 test from TestNetwork
[ RUN      ] TestNetwork.PingHost
[       OK ] TestNetwork.PingHost (100 ms)
[----------] 1 test from TestNetwork (100 ms total)

[----------] 1 test from TestMusicFileItemClassify
[ RUN      ] TestMusicFileItemClassify.MusicExtensions
[       OK ] TestMusicFileItemClassify.MusicExtensions (0 ms)
[----------] 1 test from TestMusicFileItemClassify (0 ms total)

[----------] 3 tests from TestTagParser/0, where TypeParam = TagLib::ID3v2::Tag
[ RUN      ] TestTagParser/0.ParsesBasicTag
[       OK ] TestTagParser/0.ParsesBasicTag (0 ms)
[ RUN      ] TestTagParser/0.HandleNullTag
[       OK ] TestTagParser/0.HandleNullTag (0 ms)
[ RUN      ] TestTagParser/0.FooProperties
[       OK ] TestTagParser/0.FooProperties (0 ms)
[----------] 3 tests from TestTagParser/0 (0 ms total)

[----------] 3 tests from TestTagParser/1, where TypeParam = TagLib::ID3v1::Tag
[ RUN      ] TestTagParser/1.ParsesBasicTag
[       OK ] TestTagParser/1.ParsesBasicTag (0 ms)
[ RUN      ] TestTagParser/1.HandleNullTag
[       OK ] TestTagParser/1.HandleNullTag (0 ms)
[ RUN      ] TestTagParser/1.FooProperties
[       OK ] TestTagParser/1.FooProperties (0 ms)
[----------] 3 tests from TestTagParser/1 (0 ms total)

[----------] 3 tests from TestTagParser/2, where TypeParam = TagLib::ASF::Tag
[ RUN      ] TestTagParser/2.ParsesBasicTag
[       OK ] TestTagParser/2.ParsesBasicTag (0 ms)
[ RUN      ] TestTagParser/2.HandleNullTag
[       OK ] TestTagParser/2.HandleNullTag (0 ms)
[ RUN      ] TestTagParser/2.FooProperties
[       OK ] TestTagParser/2.FooProperties (0 ms)
[----------] 3 tests from TestTagParser/2 (0 ms total)

[----------] 3 tests from TestTagParser/3, where TypeParam = TagLib::APE::Tag
[ RUN      ] TestTagParser/3.ParsesBasicTag
[       OK ] TestTagParser/3.ParsesBasicTag (0 ms)
[ RUN      ] TestTagParser/3.HandleNullTag
[       OK ] TestTagParser/3.HandleNullTag (0 ms)
[ RUN      ] TestTagParser/3.FooProperties
[       OK ] TestTagParser/3.FooProperties (0 ms)
[----------] 3 tests from TestTagParser/3 (0 ms total)

[----------] 3 tests from TestTagParser/4, where TypeParam = TagLib::Ogg::XiphComment
[ RUN      ] TestTagParser/4.ParsesBasicTag
[       OK ] TestTagParser/4.ParsesBasicTag (0 ms)
[ RUN      ] TestTagParser/4.HandleNullTag
[       OK ] TestTagParser/4.HandleNullTag (0 ms)
[ RUN      ] TestTagParser/4.FooProperties
[       OK ] TestTagParser/4.FooProperties (0 ms)
[----------] 3 tests from TestTagParser/4 (0 ms total)

[----------] 3 tests from TestTagParser/5, where TypeParam = TagLib::MP4::Tag
[ RUN      ] TestTagParser/5.ParsesBasicTag
[       OK ] TestTagParser/5.ParsesBasicTag (0 ms)
[ RUN      ] TestTagParser/5.HandleNullTag
[       OK ] TestTagParser/5.HandleNullTag (0 ms)
[ RUN      ] TestTagParser/5.FooProperties
[       OK ] TestTagParser/5.FooProperties (0 ms)
[----------] 3 tests from TestTagParser/5 (0 ms total)

[----------] 1 test from EmptyTagParser/0, where TypeParam = TagLib::ID3v2::Tag
[ RUN      ] EmptyTagParser/0.EmptyProperties
[       OK ] EmptyTagParser/0.EmptyProperties (0 ms)
[----------] 1 test from EmptyTagParser/0 (0 ms total)

[----------] 1 test from EmptyTagParser/1, where TypeParam = TagLib::ID3v1::Tag
[ RUN      ] EmptyTagParser/1.EmptyProperties
[       OK ] EmptyTagParser/1.EmptyProperties (0 ms)
[----------] 1 test from EmptyTagParser/1 (0 ms total)

[----------] 1 test from EmptyTagParser/2, where TypeParam = TagLib::ASF::Tag
[ RUN      ] EmptyTagParser/2.EmptyProperties
[       OK ] EmptyTagParser/2.EmptyProperties (0 ms)
[----------] 1 test from EmptyTagParser/2 (0 ms total)

[----------] 1 test from EmptyTagParser/3, where TypeParam = TagLib::APE::Tag
[ RUN      ] EmptyTagParser/3.EmptyProperties
[       OK ] EmptyTagParser/3.EmptyProperties (0 ms)
[----------] 1 test from EmptyTagParser/3 (0 ms total)

[----------] 1 test from EmptyTagParser/4, where TypeParam = TagLib::Ogg::XiphComment
[ RUN      ] EmptyTagParser/4.EmptyProperties
[       OK ] EmptyTagParser/4.EmptyProperties (0 ms)
[----------] 1 test from EmptyTagParser/4 (0 ms total)

[----------] 2 tests from TestTagLoaderTagLib
[ RUN      ] TestTagLoaderTagLib.SetGenre
[       OK ] TestTagLoaderTagLib.SetGenre (0 ms)
[ RUN      ] TestTagLoaderTagLib.SplitMBID
[       OK ] TestTagLoaderTagLib.SplitMBID (0 ms)
[----------] 2 tests from TestTagLoaderTagLib (0 ms total)

[----------] 1 test from TestTagLoaderTagLibMp2
[ RUN      ] TestTagLoaderTagLibMp2.ReadsID3v2FromALayerIIFile
[       OK ] TestTagLoaderTagLibMp2.ReadsID3v2FromALayerIIFile (0 ms)
[----------] 1 test from TestTagLoaderTagLibMp2 (0 ms total)

[----------] 4 tests from TestMusicInfoTagLoaderMatroska
[ RUN      ] TestMusicInfoTagLoaderMatroska.ReadsAFileWithNoChapters
[       OK ] TestMusicInfoTagLoaderMatroska.ReadsAFileWithNoChapters (1 ms)
[ RUN      ] TestMusicInfoTagLoaderMatroska.TitlesASongAfterItsAlbumWhenTheFileNamesNoSong
[       OK ] TestMusicInfoTagLoaderMatroska.TitlesASongAfterItsAlbumWhenTheFileNamesNoSong (0 ms)
[ RUN      ] TestMusicInfoTagLoaderMatroska.SkipsAChapterTooShortToBeTheSong
[       OK ] TestMusicInfoTagLoaderMatroska.SkipsAChapterTooShortToBeTheSong (0 ms)
[ RUN      ] TestMusicInfoTagLoaderMatroska.DoesNotGiveTheOnlyChapterATagNamingAnotherOne
[       OK ] TestMusicInfoTagLoaderMatroska.DoesNotGiveTheOnlyChapterATagNamingAnotherOne (0 ms)
[----------] 4 tests from TestMusicInfoTagLoaderMatroska (2 ms total)

[----------] 11 tests from TestMatroskaTagReaderFFmpeg
[ RUN      ] TestMatroskaTagReaderFFmpeg.SortsAlbumLevelTagsFromTheFilesOwn
[       OK ] TestMatroskaTagReaderFFmpeg.SortsAlbumLevelTagsFromTheFilesOwn (0 ms)
[ RUN      ] TestMatroskaTagReaderFFmpeg.ReadsChapterTagsAndRanges
[       OK ] TestMatroskaTagReaderFFmpeg.ReadsChapterTagsAndRanges (0 ms)
[ RUN      ] TestMatroskaTagReaderFFmpeg.NamesChaptersFromTheirDisplayName
[       OK ] TestMatroskaTagReaderFFmpeg.NamesChaptersFromTheirDisplayName (0 ms)
[ RUN      ] TestMatroskaTagReaderFFmpeg.PrefersAChapterTitleTagToItsDisplayName
[       OK ] TestMatroskaTagReaderFFmpeg.PrefersAChapterTitleTagToItsDisplayName (0 ms)
[ RUN      ] TestMatroskaTagReaderFFmpeg.SwallowsAnEditionThatRerunsTheTimeline
[matroska,webm @ 0x5c1d4e449100] The tags at index 4 refer to a non-existent chapter 2001.
[       OK ] TestMatroskaTagReaderFFmpeg.SwallowsAnEditionThatRerunsTheTimeline (0 ms)
[ RUN      ] TestMatroskaTagReaderFFmpeg.ReportsNoChapterWhereTheFileGaveThemNoUid
[matroska,webm @ 0x5c1d4e449100] The tags at index 1 refer to a non-existent chapter 1001.
[matroska,webm @ 0x5c1d4e449100] The tags at index 2 refer to a non-existent chapter 1002.
[matroska,webm @ 0x5c1d4e449100] The tags at index 3 refer to a non-existent chapter 1003.
[       OK ] TestMatroskaTagReaderFFmpeg.ReportsNoChapterWhereTheFileGaveThemNoUid (0 ms)
[ RUN      ] TestMatroskaTagReaderFFmpeg.KeepsAnEditionThatStartsLater
[       OK ] TestMatroskaTagReaderFFmpeg.KeepsAnEditionThatStartsLater (0 ms)
[ RUN      ] TestMatroskaTagReaderFFmpeg.KeepsOnlyTheLastOfARepeatedTag
[       OK ] TestMatroskaTagReaderFFmpeg.KeepsOnlyTheLastOfARepeatedTag (0 ms)
[ RUN      ] TestMatroskaTagReaderFFmpeg.ClampsEveryEndOfAFileThatDeclaresNoLength
[matroska,webm @ 0x5c1d4e449100] Estimating duration from bitrate, this may be inaccurate
[       OK ] TestMatroskaTagReaderFFmpeg.ClampsEveryEndOfAFileThatDeclaresNoLength (0 ms)
[ RUN      ] TestMatroskaTagReaderFFmpeg.ReportsEveryChapterIncludingTheTiniest
[       OK ] TestMatroskaTagReaderFFmpeg.ReportsEveryChapterIncludingTheTiniest (0 ms)
[ RUN      ] TestMatroskaTagReaderFFmpeg.AgreesWithTagLibOnTheChapterList
[matroska,webm @ 0x5c1d4e449100] The tags at index 4 refer to a non-existent chapter 2001.
[       OK ] TestMatroskaTagReaderFFmpeg.AgreesWithTagLibOnTheChapterList (1 ms)
[----------] 11 tests from TestMatroskaTagReaderFFmpeg (2 ms total)

[----------] 22 tests from TestMatroskaTagMapping
[ RUN      ] TestMatroskaTagMapping.MapsFileLevelTagsToTheirFields
[       OK ] TestMatroskaTagMapping.MapsFileLevelTagsToTheirFields (0 ms)
[ RUN      ] TestMatroskaTagMapping.MapsDatesToReleaseAndOriginal
[       OK ] TestMatroskaTagMapping.MapsDatesToReleaseAndOriginal (0 ms)
[ RUN      ] TestMatroskaTagMapping.MapsMusicBrainzIdentifiers
[       OK ] TestMatroskaTagMapping.MapsMusicBrainzIdentifiers (0 ms)
[ RUN      ] TestMatroskaTagMapping.AcceptsEverySpellingOfTheAlbumArtistKeys
[       OK ] TestMatroskaTagMapping.AcceptsEverySpellingOfTheAlbumArtistKeys (0 ms)
[ RUN      ] TestMatroskaTagMapping.KeepsTheAlbumArtistTheFileStatedOverAnAlbumLevelArtist
[       OK ] TestMatroskaTagMapping.KeepsTheAlbumArtistTheFileStatedOverAnAlbumLevelArtist (0 ms)
[ RUN      ] TestMatroskaTagMapping.ReadsAnAlbumLevelArtistIntoBothFieldsTheSameWay
[       OK ] TestMatroskaTagMapping.ReadsAnAlbumLevelArtistIntoBothFieldsTheSameWay (0 ms)
[ RUN      ] TestMatroskaTagMapping.DoesNotBreakUpANameThatHoldsASeparator
[       OK ] TestMatroskaTagMapping.DoesNotBreakUpANameThatHoldsASeparator (0 ms)
[ RUN      ] TestMatroskaTagMapping.MapsRolesToContributors
[       OK ] TestMatroskaTagMapping.MapsRolesToContributors (0 ms)
[ RUN      ] TestMatroskaTagMapping.SplitsCommaDelimitedRolePairs
[       OK ] TestMatroskaTagMapping.SplitsCommaDelimitedRolePairs (0 ms)
[ RUN      ] TestMatroskaTagMapping.IgnoresATrailingRoleWithNoPerson
[       OK ] TestMatroskaTagMapping.IgnoresATrailingRoleWithNoPerson (0 ms)
[ RUN      ] TestMatroskaTagMapping.SplitsMultiValueTagsOnTheSeparatorList
[       OK ] TestMatroskaTagMapping.SplitsMultiValueTagsOnTheSeparatorList (0 ms)
[ RUN      ] TestMatroskaTagMapping.KeepsNoWhitespaceFromTheMultiValueDelimiter
[       OK ] TestMatroskaTagMapping.KeepsNoWhitespaceFromTheMultiValueDelimiter (0 ms)
[ RUN      ] TestMatroskaTagMapping.JoinsAlbumLevelArtistsWithTheUsersSeparator
[       OK ] TestMatroskaTagMapping.JoinsAlbumLevelArtistsWithTheUsersSeparator (0 ms)
[ RUN      ] TestMatroskaTagMapping.SplitsGenreOnTheMusicItemSeparator
[       OK ] TestMatroskaTagMapping.SplitsGenreOnTheMusicItemSeparator (0 ms)
[ RUN      ] TestMatroskaTagMapping.MatchesUpperCaseKeysOnly
[       OK ] TestMatroskaTagMapping.MatchesUpperCaseKeysOnly (0 ms)
[ RUN      ] TestMatroskaTagMapping.ReadsANameAgainstItsLevel
[       OK ] TestMatroskaTagMapping.ReadsANameAgainstItsLevel (0 ms)
[ RUN      ] TestMatroskaTagMapping.LeavesTheTagUntouchedForUnknownKeys
[       OK ] TestMatroskaTagMapping.LeavesTheTagUntouchedForUnknownKeys (0 ms)
[ RUN      ] TestMatroskaTagMapping.SurvivesNonNumericTrackAndDiscNumbers
[       OK ] TestMatroskaTagMapping.SurvivesNonNumericTrackAndDiscNumbers (0 ms)
[ RUN      ] TestMatroskaTagMapping.MapsReplayGainAgainstItsLevel
[       OK ] TestMatroskaTagMapping.MapsReplayGainAgainstItsLevel (0 ms)
[ RUN      ] TestMatroskaTagMapping.TakesTrackAndAlbumReplayGainFromTheSameFile
[       OK ] TestMatroskaTagMapping.TakesTrackAndAlbumReplayGainFromTheSameFile (0 ms)
[ RUN      ] TestMatroskaTagMapping.ReadsUntargetedReplayGainAsTheTracks
[       OK ] TestMatroskaTagMapping.ReadsUntargetedReplayGainAsTheTracks (0 ms)
[ RUN      ] TestMatroskaTagMapping.GainWithNoPeakIsNotYetValid
[       OK ] TestMatroskaTagMapping.GainWithNoPeakIsNotYetValid (0 ms)
[----------] 22 tests from TestMatroskaTagMapping (0 ms total)

[----------] 4 tests from TestMatroskaTagChapterRanges
[ RUN      ] TestMatroskaTagChapterRanges.ClosesAnOpenChapterWithTheMeasuredLength
[       OK ] TestMatroskaTagChapterRanges.ClosesAnOpenChapterWithTheMeasuredLength (0 ms)
[ RUN      ] TestMatroskaTagChapterRanges.LeavesAChapterOpenWhenNothingCouldMeasureIt
[       OK ] TestMatroskaTagChapterRanges.LeavesAChapterOpenWhenNothingCouldMeasureIt (0 ms)
[ RUN      ] TestMatroskaTagChapterRanges.TellsATrailingArtefactFromALastSongOnceClosed
[       OK ] TestMatroskaTagChapterRanges.TellsATrailingArtefactFromALastSongOnceClosed (0 ms)
[ RUN      ] TestMatroskaTagChapterRanges.KeepsAChapterOfExactlyOneSecond
[       OK ] TestMatroskaTagChapterRanges.KeepsAChapterOfExactlyOneSecond (0 ms)
[----------] 4 tests from TestMatroskaTagChapterRanges (0 ms total)

[----------] 7 tests from TestPythonBindings
[ RUN      ] TestPythonBindings.ImportModules
[       OK ] TestPythonBindings.ImportModules (0 ms)
[ RUN      ] TestPythonBindings.DirectConstructWithKwargs
[       OK ] TestPythonBindings.DirectConstructWithKwargs (0 ms)
[ RUN      ] TestPythonBindings.SubclassExtraKwargs
[       OK ] TestPythonBindings.SubclassExtraKwargs (0 ms)
[ RUN      ] TestPythonBindings.SubclassNeverCallsSuper
[       OK ] TestPythonBindings.SubclassNeverCallsSuper (0 ms)
[ RUN      ] TestPythonBindings.CrossModule
[       OK ] TestPythonBindings.CrossModule (0 ms)
[ RUN      ] TestPythonBindings.NoInitInjection
[       OK ] TestPythonBindings.NoInitInjection (0 ms)
[ RUN      ] TestPythonBindings.TwoSubInterpreters
[       OK ] TestPythonBindings.TwoSubInterpreters (44 ms)
[----------] 7 tests from TestPythonBindings (45 ms total)

[----------] 23 tests from TestSetSourceContentParams
[ RUN      ] TestSetSourceContentParams.RejectsMissingPath
[       OK ] TestSetSourceContentParams.RejectsMissingPath (0 ms)
[ RUN      ] TestSetSourceContentParams.RejectsEmptyPath
[       OK ] TestSetSourceContentParams.RejectsEmptyPath (0 ms)
[ RUN      ] TestSetSourceContentParams.RejectsUnknownContent
[       OK ] TestSetSourceContentParams.RejectsUnknownContent (0 ms)
[ RUN      ] TestSetSourceContentParams.RejectsMusicContent
[       OK ] TestSetSourceContentParams.RejectsMusicContent (0 ms)
[ RUN      ] TestSetSourceContentParams.RejectsMissingScraperUnlessContentIsNone
[       OK ] TestSetSourceContentParams.RejectsMissingScraperUnlessContentIsNone (0 ms)
[ RUN      ] TestSetSourceContentParams.RejectsEmptyScraperUnlessContentIsNone
[       OK ] TestSetSourceContentParams.RejectsEmptyScraperUnlessContentIsNone (0 ms)
[ RUN      ] TestSetSourceContentParams.RejectsUnknownClearMode
[       OK ] TestSetSourceContentParams.RejectsUnknownClearMode (0 ms)
[ RUN      ] TestSetSourceContentParams.PassesThroughScraperAndFlags
[       OK ] TestSetSourceContentParams.PassesThroughScraperAndFlags (0 ms)
[ RUN      ] TestSetSourceContentParams.LeavesAllExternalAudioToTheCaller
[       OK ] TestSetSourceContentParams.LeavesAllExternalAudioToTheCaller (0 ms)
[ RUN      ] TestSetSourceContentParams.MoviesDefaultToRecursiveWithoutDirectoryNames
[       OK ] TestSetSourceContentParams.MoviesDefaultToRecursiveWithoutDirectoryNames (0 ms)
[ RUN      ] TestSetSourceContentParams.MoviesNonRecursiveWithoutDirectoryNamesDoNotRecurse
[       OK ] TestSetSourceContentParams.MoviesNonRecursiveWithoutDirectoryNamesDoNotRecurse (0 ms)
[ RUN      ] TestSetSourceContentParams.MoviesWithDirectoryNamesRecurseWithoutLimit
[       OK ] TestSetSourceContentParams.MoviesWithDirectoryNamesRecurseWithoutLimit (0 ms)
[ RUN      ] TestSetSourceContentParams.MoviesWithDirectoryNamesStopOneLevelDownWhenNotRecursive
[       OK ] TestSetSourceContentParams.MoviesWithDirectoryNamesStopOneLevelDownWhenNotRecursive (0 ms)
[ RUN      ] TestSetSourceContentParams.MoviesContainingASingleItemDoNotRecurse
[       OK ] TestSetSourceContentParams.MoviesContainingASingleItemDoNotRecurse (0 ms)
[ RUN      ] TestSetSourceContentParams.MoviesIgnoreSingleItemWithoutDirectoryNames
[       OK ] TestSetSourceContentParams.MoviesIgnoreSingleItemWithoutDirectoryNames (0 ms)
[ RUN      ] TestSetSourceContentParams.MusicVideosMapAsMoviesDo
[       OK ] TestSetSourceContentParams.MusicVideosMapAsMoviesDo (0 ms)
[ RUN      ] TestSetSourceContentParams.TvShowsNeverRecurse
[       OK ] TestSetSourceContentParams.TvShowsNeverRecurse (0 ms)
[ RUN      ] TestSetSourceContentParams.TvShowsContainingASingleShowUseTheFolderName
[       OK ] TestSetSourceContentParams.TvShowsContainingASingleShowUseTheFolderName (0 ms)
[ RUN      ] TestSetSourceContentParams.TvShowsIgnoreTheMovieOnlyFlags
[       OK ] TestSetSourceContentParams.TvShowsIgnoreTheMovieOnlyFlags (0 ms)
[ RUN      ] TestSetSourceContentParams.ClearsWithoutExcludingByDefault
[       OK ] TestSetSourceContentParams.ClearsWithoutExcludingByDefault (0 ms)
[ RUN      ] TestSetSourceContentParams.ExcludeClearModeExcludesThePath
[       OK ] TestSetSourceContentParams.ExcludeClearModeExcludesThePath (0 ms)
[ RUN      ] TestSetSourceContentParams.RemoveClearModeDoesNotExcludeThePath
[       OK ] TestSetSourceContentParams.RemoveClearModeDoesNotExcludeThePath (0 ms)
[ RUN      ] TestSetSourceContentParams.ClearingStillHonoursRefresh
[       OK ] TestSetSourceContentParams.ClearingStillHonoursRefresh (0 ms)
[----------] 23 tests from TestSetSourceContentParams (0 ms total)

[----------] 5 tests from TestJSONRPCStatus
[ RUN      ] TestJSONRPCStatus.EveryErrorStatusIsDescribed
[       OK ] TestJSONRPCStatus.EveryErrorStatusIsDescribed (0 ms)
[ RUN      ] TestJSONRPCStatus.SuccessStatusesAreNotDescribed
[       OK ] TestJSONRPCStatus.SuccessStatusesAreNotDescribed (0 ms)
[ RUN      ] TestJSONRPCStatus.CodesAndNamesAreUnique
[       OK ] TestJSONRPCStatus.CodesAndNamesAreUnique (0 ms)
[ RUN      ] TestJSONRPCStatus.OnlyInvalidParamsCarriesData
[       OK ] TestJSONRPCStatus.OnlyInvalidParamsCarriesData (0 ms)
[ RUN      ] TestJSONRPCStatus.EveryDescriptionIsPopulated
[       OK ] TestJSONRPCStatus.EveryDescriptionIsPopulated (0 ms)
[----------] 5 tests from TestJSONRPCStatus (0 ms total)

[----------] 6 tests from TestJSONRPCPermission
[ RUN      ] TestJSONRPCPermission.EveryPermissionHasAName
[       OK ] TestJSONRPCPermission.EveryPermissionHasAName (0 ms)
[ RUN      ] TestJSONRPCPermission.NameRoundTripsBackToTheSamePermission
[       OK ] TestJSONRPCPermission.NameRoundTripsBackToTheSamePermission (0 ms)
[ RUN      ] TestJSONRPCPermission.UnrecognisedNameFallsBackToReadData
[       OK ] TestJSONRPCPermission.UnrecognisedNameFallsBackToReadData (0 ms)
[ RUN      ] TestJSONRPCPermission.UnknownValueHasNoName
[       OK ] TestJSONRPCPermission.UnknownValueHasNoName (0 ms)
[ RUN      ] TestJSONRPCPermission.AllCoversEveryPermission
[       OK ] TestJSONRPCPermission.AllCoversEveryPermission (0 ms)
[ RUN      ] TestJSONRPCPermission.NotificationPermissionIsAllButReadData
[       OK ] TestJSONRPCPermission.NotificationPermissionIsAllButReadData (0 ms)
[----------] 6 tests from TestJSONRPCPermission (0 ms total)

[----------] 3 tests from TestFileOperations
[ RUN      ] TestFileOperations.MissingPropertiesDoesNotNeedLibraryLookup
[       OK ] TestFileOperations.MissingPropertiesDoesNotNeedLibraryLookup (0 ms)
[ RUN      ] TestFileOperations.BasicFilePropertiesDoNotNeedLibraryLookup
[       OK ] TestFileOperations.BasicFilePropertiesDoNotNeedLibraryLookup (0 ms)
[ RUN      ] TestFileOperations.VideoPropertiesNeedLibraryLookup
[       OK ] TestFileOperations.VideoPropertiesNeedLibraryLookup (0 ms)
[----------] 3 tests from TestFileOperations (0 ms total)

[----------] 8 tests from TestExecuteAddonParams
[ RUN      ] TestExecuteAddonParams.NoParamsGivesTheBareBuiltin
[       OK ] TestExecuteAddonParams.NoParamsGivesTheBareBuiltin (0 ms)
[ RUN      ] TestExecuteAddonParams.ObjectParamsBecomeKeyValueArguments
[       OK ] TestExecuteAddonParams.ObjectParamsBecomeKeyValueArguments (0 ms)
[ RUN      ] TestExecuteAddonParams.ACommaInAnObjectValueStaysInOneArgument
[       OK ] TestExecuteAddonParams.ACommaInAnObjectValueStaysInOneArgument (0 ms)
[ RUN      ] TestExecuteAddonParams.AQuoteInAnObjectValueStaysInOneArgument
[       OK ] TestExecuteAddonParams.AQuoteInAnObjectValueStaysInOneArgument (0 ms)
[ RUN      ] TestExecuteAddonParams.ACommaInAnArrayValueStaysInOneArgument
[       OK ] TestExecuteAddonParams.ACommaInAnArrayValueStaysInOneArgument (0 ms)
[ RUN      ] TestExecuteAddonParams.WaitIsReadFromTheDeclaredTopLevelParameter
[       OK ] TestExecuteAddonParams.WaitIsReadFromTheDeclaredTopLevelParameter (0 ms)
[ RUN      ] TestExecuteAddonParams.WaitDefaultsToNotWaiting
[       OK ] TestExecuteAddonParams.WaitDefaultsToNotWaiting (0 ms)
[ RUN      ] TestExecuteAddonParams.AWaitKeyInsideParamsIsJustAnAddonArgument
[       OK ] TestExecuteAddonParams.AWaitKeyInsideParamsIsJustAnAddonArgument (0 ms)
[----------] 8 tests from TestExecuteAddonParams (0 ms total)

[----------] 1 test from TestKeyboardTranslator
[ RUN      ] TestKeyboardTranslator.TranslateKeys
[       OK ] TestKeyboardTranslator.TranslateKeys (0 ms)
[----------] 1 test from TestKeyboardTranslator (0 ms total)

[----------] 20 tests from TestSkinMapManager
[ RUN      ] TestSkinMapManager.LookupHit
[       OK ] TestSkinMapManager.LookupHit (0 ms)
[ RUN      ] TestSkinMapManager.LookupMissReturnsRawKey
[       OK ] TestSkinMapManager.LookupMissReturnsRawKey (0 ms)
[ RUN      ] TestSkinMapManager.LookupUnknownMapReturnsRawKey
[       OK ] TestSkinMapManager.LookupUnknownMapReturnsRawKey (0 ms)
[ RUN      ] TestSkinMapManager.LookupEmptyKeyReturnsEmptyString
[       OK ] TestSkinMapManager.LookupEmptyKeyReturnsEmptyString (0 ms)
[ RUN      ] TestSkinMapManager.RefPureAliasInheritsAllEntries
[       OK ] TestSkinMapManager.RefPureAliasInheritsAllEntries (0 ms)
[ RUN      ] TestSkinMapManager.RefOverrideTakesPriorityOverBase
[       OK ] TestSkinMapManager.RefOverrideTakesPriorityOverBase (0 ms)
[ RUN      ] TestSkinMapManager.RefOverrideMissReturnsRawKey
[       OK ] TestSkinMapManager.RefOverrideMissReturnsRawKey (0 ms)
[ RUN      ] TestSkinMapManager.MultiLevelRefChain
[       OK ] TestSkinMapManager.MultiLevelRefChain (0 ms)
[ RUN      ] TestSkinMapManager.CircularRefReturnsRawKey
[       OK ] TestSkinMapManager.CircularRefReturnsRawKey (0 ms)
[ RUN      ] TestSkinMapManager.DuplicateKeyFirstValueWins
[       OK ] TestSkinMapManager.DuplicateKeyFirstValueWins (0 ms)
[ RUN      ] TestSkinMapManager.DuplicateMapEmptyDefinitionReplacesEntries
[       OK ] TestSkinMapManager.DuplicateMapEmptyDefinitionReplacesEntries (0 ms)
[ RUN      ] TestSkinMapManager.DuplicateMapDefinitionClearsOldRef
[       OK ] TestSkinMapManager.DuplicateMapDefinitionClearsOldRef (0 ms)
[ RUN      ] TestSkinMapManager.EmptyMapProducesNoEntries
[       OK ] TestSkinMapManager.EmptyMapProducesNoEntries (0 ms)
[ RUN      ] TestSkinMapManager.ClearRemovesAllMapsAndRefs
[       OK ] TestSkinMapManager.ClearRemovesAllMapsAndRefs (0 ms)
[ RUN      ] TestSkinMapManager.EstuaryDefaultCodecMapAudioSpotCheck
[       OK ] TestSkinMapManager.EstuaryDefaultCodecMapAudioSpotCheck (0 ms)
[ RUN      ] TestSkinMapManager.EstuaryDefaultCodecMapVideoSpotCheck
[       OK ] TestSkinMapManager.EstuaryDefaultCodecMapVideoSpotCheck (0 ms)
[ RUN      ] TestSkinMapManager.EstuaryDefaultAltAudioMapOverrides
[       OK ] TestSkinMapManager.EstuaryDefaultAltAudioMapOverrides (0 ms)
[ RUN      ] TestSkinMapManager.EstuaryDefaultAudioTrackMapOverrides
[       OK ] TestSkinMapManager.EstuaryDefaultAudioTrackMapOverrides (0 ms)
[ RUN      ] TestSkinMapManager.EstuaryDefaultResolutionMap
[       OK ] TestSkinMapManager.EstuaryDefaultResolutionMap (0 ms)
[ RUN      ] TestSkinMapManager.EstuaryDefaultHdrMap
[       OK ] TestSkinMapManager.EstuaryDefaultHdrMap (0 ms)
[----------] 20 tests from TestSkinMapManager (0 ms total)

[----------] 4 tests from TestGUIWindowOnAction
[ RUN      ] TestGUIWindowOnAction.PropagatesToTheParentWhenTheControlsSurvive
[       OK ] TestGUIWindowOnAction.PropagatesToTheParentWhenTheControlsSurvive (0 ms)
[ RUN      ] TestGUIWindowOnAction.StopsPropagatingWhenTheControlsAreDestroyed
[       OK ] TestGUIWindowOnAction.StopsPropagatingWhenTheControlsAreDestroyed (0 ms)
[ RUN      ] TestGUIWindowOnAction.DoesNotRecoverFocusBeforeInitialization
[       OK ] TestGUIWindowOnAction.DoesNotRecoverFocusBeforeInitialization (0 ms)
[ RUN      ] TestGUIWindowOnAction.RecoversFocusAfterInitialization
[       OK ] TestGUIWindowOnAction.RecoversFocusAfterInitialization (0 ms)
[----------] 4 tests from TestGUIWindowOnAction (0 ms total)

[----------] 4 tests from TestGUITextLayoutFilter
[ RUN      ] TestGUITextLayoutFilter.VeryLongPlainText
[       OK ] TestGUITextLayoutFilter.VeryLongPlainText (0 ms)
[ RUN      ] TestGUITextLayoutFilter.VeryLongNestedBold
[       OK ] TestGUITextLayoutFilter.VeryLongNestedBold (0 ms)
[ RUN      ] TestGUITextLayoutFilter.DeeplyNested100Levels
[       OK ] TestGUITextLayoutFilter.DeeplyNested100Levels (0 ms)
[ RUN      ] TestGUITextLayoutFilter.DeeplyNested100Levels_OneMissingClose
[       OK ] TestGUITextLayoutFilter.DeeplyNested100Levels_OneMissingClose (0 ms)
[----------] 4 tests from TestGUITextLayoutFilter (0 ms total)

[----------] 1 test from TestGUILabel
[ RUN      ] TestGUILabel.SetLabelFontForcesRelayoutOfUnchangedText
[       OK ] TestGUILabel.SetLabelFontForcesRelayoutOfUnchangedText (0 ms)
[----------] 1 test from TestGUILabel (0 ms total)

[----------] 2 tests from TestGUIFixedListContainer
[ RUN      ] TestGUIFixedListContainer.PageActionsUseVisiblePageSizeFromFixedCursor
[       OK ] TestGUIFixedListContainer.PageActionsUseVisiblePageSizeFromFixedCursor (0 ms)
[ RUN      ] TestGUIFixedListContainer.PageActionsSkipPartiallyVisibleSlots
[       OK ] TestGUIFixedListContainer.PageActionsSkipPartiallyVisibleSlots (0 ms)
[----------] 2 tests from TestGUIFixedListContainer (0 ms total)

[----------] 16 tests from TestGamesGUIInfo
[ RUN      ] TestGamesGUIInfo.TranslatesRetroPlayerLabels
[       OK ] TestGamesGUIInfo.TranslatesRetroPlayerLabels (0 ms)
[ RUN      ] TestGamesGUIInfo.GetsAchievementProgressFromAchievementState
[       OK ] TestGamesGUIInfo.GetsAchievementProgressFromAchievementState (0 ms)
[ RUN      ] TestGamesGUIInfo.AchievementProgressIsEmptyWithoutAchievements
[       OK ] TestGamesGUIInfo.AchievementProgressIsEmptyWithoutAchievements (0 ms)
[ RUN      ] TestGamesGUIInfo.MarkEarnedOnlyCountsTheFirstUnlock
[       OK ] TestGamesGUIInfo.MarkEarnedOnlyCountsTheFirstUnlock (0 ms)
[ RUN      ] TestGamesGUIInfo.GetsRichPresenceFromAchievementState
[       OK ] TestGamesGUIInfo.GetsRichPresenceFromAchievementState (0 ms)
[ RUN      ] TestGamesGUIInfo.GetLabelRequiresCurrentGameInGUIInfoManager
[       OK ] TestGamesGUIInfo.GetLabelRequiresCurrentGameInGUIInfoManager (0 ms)
[ RUN      ] TestGamesGUIInfo.InitCurrentItemSetsTitleFromFilesystemPath
[       OK ] TestGamesGUIInfo.InitCurrentItemSetsTitleFromFilesystemPath (0 ms)
[ RUN      ] TestGamesGUIInfo.InitCurrentItemSetsTitleFromVfsHostnamePath
[       OK ] TestGamesGUIInfo.InitCurrentItemSetsTitleFromVfsHostnamePath (0 ms)
[ RUN      ] TestGamesGUIInfo.ShowsTheAchievementTheRuntimeIndicated
[       OK ] TestGamesGUIInfo.ShowsTheAchievementTheRuntimeIndicated (0 ms)
[ RUN      ] TestGamesGUIInfo.ShowsTheAchievementBeingAttempted
